Archive member included to satisfy reference by file (symbol)

E:/ASUS/STM32CubeIDE_1.13.2/STM32CubeIDE/plugins/com.st.stm32cube.ide.mcu.externaltools.gnu-tools-for-stm32.14.3.rel1.win32_1.0.100.202602081740/tools/bin/../lib/gcc/arm-none-eabi/14.3.1/../../../../arm-none-eabi/lib/thumb/v7e-m+fp/hard\libc_nano.a(libc_a-exit.o)
                              E:/ASUS/STM32CubeIDE_1.13.2/STM32CubeIDE/plugins/com.st.stm32cube.ide.mcu.externaltools.gnu-tools-for-stm32.14.3.rel1.win32_1.0.100.202602081740/tools/bin/../lib/gcc/arm-none-eabi/14.3.1/../../../../arm-none-eabi/lib/thumb/v7e-m+fp/hard/crt0.o (exit)
E:/ASUS/STM32CubeIDE_1.13.2/STM32CubeIDE/plugins/com.st.stm32cube.ide.mcu.externaltools.gnu-tools-for-stm32.14.3.rel1.win32_1.0.100.202602081740/tools/bin/../lib/gcc/arm-none-eabi/14.3.1/../../../../arm-none-eabi/lib/thumb/v7e-m+fp/hard\libc_nano.a(libc_a-findfp.o)
                              E:/ASUS/STM32CubeIDE_1.13.2/STM32CubeIDE/plugins/com.st.stm32cube.ide.mcu.externaltools.gnu-tools-for-stm32.14.3.rel1.win32_1.0.100.202602081740/tools/bin/../lib/gcc/arm-none-eabi/14.3.1/../../../../arm-none-eabi/lib/thumb/v7e-m+fp/hard\libc_nano.a(libc_a-exit.o) (__stdio_exit_handler)
E:/ASUS/STM32CubeIDE_1.13.2/STM32CubeIDE/plugins/com.st.stm32cube.ide.mcu.externaltools.gnu-tools-for-stm32.14.3.rel1.win32_1.0.100.202602081740/tools/bin/../lib/gcc/arm-none-eabi/14.3.1/../../../../arm-none-eabi/lib/thumb/v7e-m+fp/hard\libc_nano.a(libc_a-fwalk.o)
                              E:/ASUS/STM32CubeIDE_1.13.2/STM32CubeIDE/plugins/com.st.stm32cube.ide.mcu.externaltools.gnu-tools-for-stm32.14.3.rel1.win32_1.0.100.202602081740/tools/bin/../lib/gcc/arm-none-eabi/14.3.1/../../../../arm-none-eabi/lib/thumb/v7e-m+fp/hard\libc_nano.a(libc_a-findfp.o) (_fwalk_sglue)
E:/ASUS/STM32CubeIDE_1.13.2/STM32CubeIDE/plugins/com.st.stm32cube.ide.mcu.externaltools.gnu-tools-for-stm32.14.3.rel1.win32_1.0.100.202602081740/tools/bin/../lib/gcc/arm-none-eabi/14.3.1/../../../../arm-none-eabi/lib/thumb/v7e-m+fp/hard\libc_nano.a(libc_a-snprintf.o)
                              ./Source/BSP/bsp_display.o (snprintf)
E:/ASUS/STM32CubeIDE_1.13.2/STM32CubeIDE/plugins/com.st.stm32cube.ide.mcu.externaltools.gnu-tools-for-stm32.14.3.rel1.win32_1.0.100.202602081740/tools/bin/../lib/gcc/arm-none-eabi/14.3.1/../../../../arm-none-eabi/lib/thumb/v7e-m+fp/hard\libc_nano.a(libc_a-stdio.o)
                              E:/ASUS/STM32CubeIDE_1.13.2/STM32CubeIDE/plugins/com.st.stm32cube.ide.mcu.externaltools.gnu-tools-for-stm32.14.3.rel1.win32_1.0.100.202602081740/tools/bin/../lib/gcc/arm-none-eabi/14.3.1/../../../../arm-none-eabi/lib/thumb/v7e-m+fp/hard\libc_nano.a(libc_a-findfp.o) (__sread)
E:/ASUS/STM32CubeIDE_1.13.2/STM32CubeIDE/plugins/com.st.stm32cube.ide.mcu.externaltools.gnu-tools-for-stm32.14.3.rel1.win32_1.0.100.202602081740/tools/bin/../lib/gcc/arm-none-eabi/14.3.1/../../../../arm-none-eabi/lib/thumb/v7e-m+fp/hard\libc_nano.a(libc_a-memset.o)
                              E:/ASUS/STM32CubeIDE_1.13.2/STM32CubeIDE/plugins/com.st.stm32cube.ide.mcu.externaltools.gnu-tools-for-stm32.14.3.rel1.win32_1.0.100.202602081740/tools/bin/../lib/gcc/arm-none-eabi/14.3.1/../../../../arm-none-eabi/lib/thumb/v7e-m+fp/hard/crt0.o (memset)
E:/ASUS/STM32CubeIDE_1.13.2/STM32CubeIDE/plugins/com.st.stm32cube.ide.mcu.externaltools.gnu-tools-for-stm32.14.3.rel1.win32_1.0.100.202602081740/tools/bin/../lib/gcc/arm-none-eabi/14.3.1/../../../../arm-none-eabi/lib/thumb/v7e-m+fp/hard\libc_nano.a(libc_a-closer.o)
                              E:/ASUS/STM32CubeIDE_1.13.2/STM32CubeIDE/plugins/com.st.stm32cube.ide.mcu.externaltools.gnu-tools-for-stm32.14.3.rel1.win32_1.0.100.202602081740/tools/bin/../lib/gcc/arm-none-eabi/14.3.1/../../../../arm-none-eabi/lib/thumb/v7e-m+fp/hard\libc_nano.a(libc_a-stdio.o) (_close_r)
E:/ASUS/STM32CubeIDE_1.13.2/STM32CubeIDE/plugins/com.st.stm32cube.ide.mcu.externaltools.gnu-tools-for-stm32.14.3.rel1.win32_1.0.100.202602081740/tools/bin/../lib/gcc/arm-none-eabi/14.3.1/../../../../arm-none-eabi/lib/thumb/v7e-m+fp/hard\libc_nano.a(libc_a-reent.o)
                              E:/ASUS/STM32CubeIDE_1.13.2/STM32CubeIDE/plugins/com.st.stm32cube.ide.mcu.externaltools.gnu-tools-for-stm32.14.3.rel1.win32_1.0.100.202602081740/tools/bin/../lib/gcc/arm-none-eabi/14.3.1/../../../../arm-none-eabi/lib/thumb/v7e-m+fp/hard\libc_nano.a(libc_a-closer.o) (errno)
E:/ASUS/STM32CubeIDE_1.13.2/STM32CubeIDE/plugins/com.st.stm32cube.ide.mcu.externaltools.gnu-tools-for-stm32.14.3.rel1.win32_1.0.100.202602081740/tools/bin/../lib/gcc/arm-none-eabi/14.3.1/../../../../arm-none-eabi/lib/thumb/v7e-m+fp/hard\libc_nano.a(libc_a-impure.o)
                              E:/ASUS/STM32CubeIDE_1.13.2/STM32CubeIDE/plugins/com.st.stm32cube.ide.mcu.externaltools.gnu-tools-for-stm32.14.3.rel1.win32_1.0.100.202602081740/tools/bin/../lib/gcc/arm-none-eabi/14.3.1/../../../../arm-none-eabi/lib/thumb/v7e-m+fp/hard\libc_nano.a(libc_a-snprintf.o) (_impure_ptr)
[...]
Memory Configuration

Name             Origin             Length             Attributes
RAM              0x20000000         0x00020000         xrw
FLASH            0x08000000         0x00080000         xr
*default*        0x00000000         0xffffffff

Linker script and memory map

LOAD E:/ASUS/STM32CubeIDE_1.13.2/STM32CubeIDE/plugins/com.st.stm32cube.ide.mcu.externaltools.gnu-tools-for-stm32.14.3.rel1.win32_1.0.100.202602081740/tools/bin/../lib/gcc/arm-none-eabi/14.3.1/thumb/v7e-m+fp/hard/crti.o
LOAD E:/ASUS/STM32CubeIDE_1.13.2/STM32CubeIDE/plugins/com.st.stm32cube.ide.mcu.externaltools.gnu-tools-for-stm32.14.3.rel1.win32_1.0.100.202602081740/tools/bin/../lib/gcc/arm-none-eabi/14.3.1/thumb/v7e-m+fp/hard/crtbegin.o
LOAD E:/ASUS/STM32CubeIDE_1.13.2/STM32CubeIDE/plugins/com.st.stm32cube.ide.mcu.externaltools.gnu-tools-for-stm32.14.3.rel1.win32_1.0.100.202602081740/tools/bin/../lib/gcc/arm-none-eabi/14.3.1/../../../../arm-none-eabi/lib/thumb/v7e-m+fp/hard/crt0.o
LOAD ./Core/Src/main.o
LOAD ./Core/Src/stm32f4xx_hal_msp.o
LOAD ./Core/Src/stm32f4xx_it.o
LOAD ./Core/Src/syscalls.o
LOAD ./Core/Src/sysmem.o
LOAD ./Core/Src/system_stm32f4xx.o
LOAD ./Core/Startup/startup_stm32f411ceux.o
LOAD ./Drivers/STM32F4xx_HAL_Driver/Src/stm32f4xx_hal.o
LOAD ./Drivers/STM32F4xx_HAL_Driver/Src/stm32f4xx_hal_adc.o
LOAD ./Drivers/STM32F4xx_HAL_Driver/Src/stm32f4xx_hal_adc_ex.o
LOAD ./Drivers/STM32F4xx_HAL_Driver/Src/stm32f4xx_hal_cortex.o
LOAD ./Drivers/STM32F4xx_HAL_Driver/Src/stm32f4xx_hal_dma.o
LOAD ./Drivers/STM32F4xx_HAL_Driver/Src/stm32f4xx_hal_dma_ex.o
LOAD ./Drivers/STM32F4xx_HAL_Driver/Src/stm32f4xx_hal_exti.o
LOAD ./Drivers/STM32F4xx_HAL_Driver/Src/stm32f4xx_hal_flash.o
LOAD ./Drivers/STM32F4xx_HAL_Driver/Src/stm32f4xx_hal_flash_ex.o
LOAD ./Drivers/STM32F4xx_HAL_Driver/Src/stm32f4xx_hal_flash_ramfunc.o
LOAD ./Drivers/STM32F4xx_HAL_Driver/Src/stm32f4xx_hal_gpio.o
LOAD ./Drivers/STM32F4xx_HAL_Driver/Src/stm32f4xx_hal_i2c.o
LOAD ./Drivers/STM32F4xx_HAL_Driver/Src/stm32f4xx_hal_i2c_ex.o
LOAD ./Drivers/STM32F4xx_HAL_Driver/Src/stm32f4xx_hal_pwr.o
LOAD ./Drivers/STM32F4xx_HAL_Driver/Src/stm32f4xx_hal_pwr_ex.o
LOAD ./Drivers/STM32F4xx_HAL_Driver/Src/stm32f4xx_hal_rcc.o
LOAD ./Drivers/STM32F4xx_HAL_Driver/Src/stm32f4xx_hal_rcc_ex.o
LOAD ./Drivers/STM32F4xx_HAL_Driver/Src/stm32f4xx_hal_uart.o
LOAD ./Source/App/app_main.o
LOAD ./Source/BSP/bsp_audio.o
LOAD ./Source/BSP/bsp_battery.o
LOAD ./Source/BSP/bsp_button.o
LOAD ./Source/BSP/bsp_display.o
LOAD ./Source/Peripherals/DFPLAYER.o
LOAD ./Source/Peripherals/ssd1306.o
LOAD ./Source/Peripherals/ssd1306_fonts.o
LOAD ./Source/Peripherals/ui_assets.o
START GROUP
LOAD E:/ASUS/STM32CubeIDE_1.13.2/STM32CubeIDE/plugins/com.st.stm32cube.ide.mcu.externaltools.gnu-tools-for-stm32.14.3.rel1.win32_1.0.100.202602081740/tools/bin/../lib/gcc/arm-none-eabi/14.3.1/../../../../arm-none-eabi/lib/thumb/v7e-m+fp/hard\libc_nano.a
LOAD E:/ASUS/STM32CubeIDE_1.13.2/STM32CubeIDE/plugins/com.st.stm32cube.ide.mcu.externaltools.gnu-tools-for-stm32.14.3.rel1.win32_1.0.100.202602081740/tools/bin/../lib/gcc/arm-none-eabi/14.3.1/../../../../arm-none-eabi/lib/thumb/v7e-m+fp/hard\libm.a
END GROUP
START GROUP
LOAD E:/ASUS/STM32CubeIDE_1.13.2/STM32CubeIDE/plugins/com.st.stm32cube.ide.mcu.externaltools.gnu-tools-for-stm32.14.3.rel1.win32_1.0.100.202602081740/tools/bin/../lib/gcc/arm-none-eabi/14.3.1/thumb/v7e-m+fp/hard\libgcc.a
LOAD E:/ASUS/STM32CubeIDE_1.13.2/STM32CubeIDE/plugins/com.st.stm32cube.ide.mcu.externaltools.gnu-tools-for-stm32.14.3.rel1.win32_1.0.100.202602081740/tools/bin/../lib/gcc/arm-none-eabi/14.3.1/../../../../arm-none-eabi/lib/thumb/v7e-m+fp/hard\libc_nano.a
END GROUP
START GROUP
LOAD E:/ASUS/STM32CubeIDE_1.13.2/STM32CubeIDE/plugins/com.st.stm32cube.ide.mcu.externaltools.gnu-tools-for-stm32.14.3.rel1.win32_1.0.100.202602081740/tools/bin/../lib/gcc/arm-none-eabi/14.3.1/thumb/v7e-m+fp/hard\libgcc.a
LOAD E:/ASUS/STM32CubeIDE_1.13.2/STM32CubeIDE/plugins/com.st.stm32cube.ide.mcu.externaltools.gnu-tools-for-stm32.14.3.rel1.win32_1.0.100.202602081740/tools/bin/../lib/gcc/arm-none-eabi/14.3.1/../../../../arm-none-eabi/lib/thumb/v7e-m+fp/hard\libc_nano.a
LOAD E:/ASUS/STM32CubeIDE_1.13.2/STM32CubeIDE/plugins/com.st.stm32cube.ide.mcu.externaltools.gnu-tools-for-stm32.14.3.rel1.win32_1.0.100.202602081740/tools/bin/../lib/gcc/arm-none-eabi/14.3.1/../../../../arm-none-eabi/lib/thumb/v7e-m+fp/hard\libnosys.a
END GROUP
START GROUP
LOAD E:/ASUS/STM32CubeIDE_1.13.2/STM32CubeIDE/plugins/com.st.stm32cube.ide.mcu.externaltools.gnu-tools-for-stm32.14.3.rel1.win32_1.0.100.202602081740/tools/bin/../lib/gcc/arm-none-eabi/14.3.1/thumb/v7e-m+fp/hard\libgcc.a
LOAD E:/ASUS/STM32CubeIDE_1.13.2/STM32CubeIDE/plugins/com.st.stm32cube.ide.mcu.externaltools.gnu-tools-for-stm32.14.3.rel1.win32_1.0.100.202602081740/tools/bin/../lib/gcc/arm-none-eabi/14.3.1/../../../../arm-none-eabi/lib/thumb/v7e-m+fp/hard\libc_nano.a
LOAD E:/ASUS/STM32CubeIDE_1.13.2/STM32CubeIDE/plugins/com.st.stm32cube.ide.mcu.externaltools.gnu-tools-for-stm32.14.3.rel1.win32_1.0.100.202602081740/tools/bin/../lib/gcc/arm-none-eabi/14.3.1/../../../../arm-none-eabi/lib/thumb/v7e-m+fp/hard\libnosys.a
END GROUP
LOAD E:/ASUS/STM32CubeIDE_1.13.2/STM32CubeIDE/plugins/com.st.stm32cube.ide.mcu.externaltools.gnu-tools-for-stm32.14.3.rel1.win32_1.0.100.202602081740/tools/bin/../lib/gcc/arm-none-eabi/14.3.1/thumb/v7e-m+fp/hard/crtend.o
LOAD E:/ASUS/STM32CubeIDE_1.13.2/STM32CubeIDE/plugins/com.st.stm32cube.ide.mcu.externaltools.gnu-tools-for-stm32.14.3.rel1.win32_1.0.100.202602081740/tools/bin/../lib/gcc/arm-none-eabi/14.3.1/thumb/v7e-m+fp/hard/crtn.o
                0x20020000                        _estack = (ORIGIN (RAM) + LENGTH (RAM))
                0x00000200                        _Min_Heap_Size = 0x200
                0x00000400                        _Min_Stack_Size = 0x400

.isr_vector     0x08000000      0x198
                0x08000000                        . = ALIGN (0x4)
 *(.isr_vector)
 .isr_vector    0x08000000      0x198 ./Core/Startup/startup_stm32f411ceux.o
                0x08000000                g_pfnVectors
                0x08000198                        . = ALIGN (0x4)

.text           0x080001a0     0x5a7c
                0x080001a0                        . = ALIGN (0x4)
 *(.text)
 .text          0x080001a0       0x40 E:/ASUS/STM32CubeIDE_1.13.2/STM32CubeIDE/plugins/com.st.stm32cube.ide.mcu.externaltools.gnu-tools-for-stm32.14.3.rel1.win32_1.0.100.202602081740/tools/bin/../lib/gcc/arm-none-eabi/14.3.1/thumb/v7e-m+fp/hard/crtbegin.o
 .text          0x080001e0       0xa0 E:/ASUS/STM32CubeIDE_1.13.2/STM32CubeIDE/plugins/com.st.stm32cube.ide.mcu.externaltools.gnu-tools-for-stm32.14.3.rel1.win32_1.0.100.202602081740/tools/bin/../lib/gcc/arm-none-eabi/14.3.1/../../../../arm-none-eabi/lib/thumb/v7e-m+fp/hard\libc_nano.a(libc_a-memchr.o)
                0x080001e0                memchr
 .text          0x08000280       0x30 E:/ASUS/STM32CubeIDE_1.13.2/STM32CubeIDE/plugins/com.st.stm32cube.ide.mcu.externaltools.gnu-tools-for-stm32.14.3.rel1.win32_1.0.100.202602081740/tools/bin/../lib/gcc/arm-none-eabi/14.3.1/thumb/v7e-m+fp/hard\libgcc.a(_aeabi_uldivmod.o)
                0x08000280                __aeabi_uldivmod
 .text          0x080002b0      0x2f8 E:/ASUS/STM32CubeIDE_1.13.2/STM32CubeIDE/plugins/com.st.stm32cube.ide.mcu.externaltools.gnu-tools-for-stm32.14.3.rel1.win32_1.0.100.202602081740/tools/bin/../lib/gcc/arm-none-eabi/14.3.1/thumb/v7e-m+fp/hard\libgcc.a(_udivmoddi4.o)
                0x080002b0                __udivmoddi4
 .text          0x080005a8        0x4 E:/ASUS/STM32CubeIDE_1.13.2/STM32CubeIDE/plugins/com.st.stm32cube.ide.mcu.externaltools.gnu-tools-for-stm32.14.3.rel1.win32_1.0.100.202602081740/tools/bin/../lib/gcc/arm-none-eabi/14.3.1/thumb/v7e-m+fp/hard\libgcc.a(_dvmd_tls.o)
                0x080005a8                __aeabi_idiv0
                0x080005a8                __aeabi_ldiv0
 *(.text*)
 .text.main     0x080005ac       0x34 ./Core/Src/main.o
                0x080005ac                main
 .text.SystemClock_Config
                0x080005e0       0xbc ./Core/Src/main.o
                0x080005e0                SystemClock_Config
 .text.MX_ADC1_Init
                0x0800069c       0xa4 ./Core/Src/main.o
 .text.MX_I2C1_Init
                0x08000740       0x5c ./Core/Src/main.o
 .text.MX_USART1_UART_Init
                0x0800079c       0x54 ./Core/Src/main.o
 .text.MX_GPIO_Init
                0x080007f0       0xfc ./Core/Src/main.o
 .text.Error_Handler
                0x080008ec        0xc ./Core/Src/main.o
                0x080008ec                Error_Handler
 .text.HAL_MspInit
                0x080008f8       0x50 ./Core/Src/stm32f4xx_hal_msp.o
                0x080008f8                HAL_MspInit
 .text.HAL_ADC_MspInit
                0x08000948       0x88 ./Core/Src/stm32f4xx_hal_msp.o
                0x08000948                HAL_ADC_MspInit
 .text.HAL_I2C_MspInit
                0x080009d0       0x90 ./Core/Src/stm32f4xx_hal_msp.o
                0x080009d0                HAL_I2C_MspInit
 .text.HAL_UART_MspInit
                0x08000a60       0x90 ./Core/Src/stm32f4xx_hal_msp.o
                0x08000a60                HAL_UART_MspInit
 .text.NMI_Handler
                0x08000af0        0x8 ./Core/Src/stm32f4xx_it.o
                0x08000af0                NMI_Handler
 .text.HardFault_Handler
                0x08000af8        0x8 ./Core/Src/stm32f4xx_it.o
                0x08000af8                HardFault_Handler
 .text.MemManage_Handler
                0x08000b00        0x8 ./Core/Src/stm32f4xx_it.o
                0x08000b00                MemManage_Handler
 .text.BusFault_Handler
                0x08000b08        0x8 ./Core/Src/stm32f4xx_it.o
                0x08000b08                BusFault_Handler
 .text.UsageFault_Handler
                0x08000b10        0x8 ./Core/Src/stm32f4xx_it.o
                0x08000b10                UsageFault_Handler
 .text.SVC_Handler
                0x08000b18        0xe ./Core/Src/stm32f4xx_it.o
                0x08000b18                SVC_Handler
 .text.DebugMon_Handler
                0x08000b26        0xe ./Core/Src/stm32f4xx_it.o
                0x08000b26                DebugMon_Handler
 .text.PendSV_Handler
                0x08000b34        0xe ./Core/Src/stm32f4xx_it.o
                0x08000b34                PendSV_Handler
 .text.SysTick_Handler
                0x08000b42        0xc ./Core/Src/stm32f4xx_it.o
                0x08000b42                SysTick_Handler
 .text.EXTI3_IRQHandler
                0x08000b4e        0xe ./Core/Src/stm32f4xx_it.o
                0x08000b4e                EXTI3_IRQHandler
 .text.EXTI4_IRQHandler
                0x08000b5c        0xe ./Core/Src/stm32f4xx_it.o
                0x08000b5c                EXTI4_IRQHandler
 .text.EXTI9_5_IRQHandler
                0x08000b6a       0x1e ./Core/Src/stm32f4xx_it.o
                0x08000b6a                EXTI9_5_IRQHandler
 .text.EXTI15_10_IRQHandler
                0x08000b88       0x10 ./Core/Src/stm32f4xx_it.o
                0x08000b88                EXTI15_10_IRQHandler
 .text._sbrk    0x08000b98       0x6c ./Core/Src/sysmem.o
                0x08000b98                _sbrk
 .text.SystemInit
                0x08000c04       0x24 ./Core/Src/system_stm32f4xx.o
                0x08000c04                SystemInit
 .text.Reset_Handler
                0x08000c28       0x50 ./Core/Startup/startup_stm32f411ceux.o
                0x08000c28                Reset_Handler
 .text.Default_Handler
                0x08000c78        0x2 ./Core/Startup/startup_stm32f411ceux.o
                0x08000c78                RTC_Alarm_IRQHandler
                0x08000c78                EXTI2_IRQHandler
                0x08000c78                SPI4_IRQHandler
                0x08000c78                TIM1_CC_IRQHandler
                0x08000c78                DMA2_Stream5_IRQHandler
                0x08000c78                DMA1_Stream5_IRQHandler
                0x08000c78                PVD_IRQHandler
                0x08000c78                SDIO_IRQHandler
                0x08000c78                TAMP_STAMP_IRQHandler
                0x08000c78                TIM1_UP_TIM10_IRQHandler
                0x08000c78                I2C3_ER_IRQHandler
                0x08000c78                EXTI0_IRQHandler
                0x08000c78                I2C2_EV_IRQHandler
                0x08000c78                DMA1_Stream2_IRQHandler
                0x08000c78                FPU_IRQHandler
                0x08000c78                DMA2_Stream2_IRQHandler
                0x08000c78                SPI1_IRQHandler
                0x08000c78                TIM1_BRK_TIM9_IRQHandler
                0x08000c78                DMA2_Stream3_IRQHandler
                0x08000c78                USART6_IRQHandler
                0x08000c78                DMA2_Stream0_IRQHandler
                0x08000c78                TIM4_IRQHandler
                0x08000c78                I2C1_EV_IRQHandler
                0x08000c78                DMA1_Stream6_IRQHandler
                0x08000c78                DMA1_Stream1_IRQHandler
                0x08000c78                TIM3_IRQHandler
                0x08000c78                RCC_IRQHandler
                0x08000c78                Default_Handler
                0x08000c78                ADC_IRQHandler
                0x08000c78                DMA1_Stream7_IRQHandler
                0x08000c78                SPI5_IRQHandler
                0x08000c78                TIM5_IRQHandler
                0x08000c78                DMA2_Stream7_IRQHandler
                0x08000c78                I2C3_EV_IRQHandler
                0x08000c78                RTC_WKUP_IRQHandler
                0x08000c78                SPI2_IRQHandler
                0x08000c78                DMA1_Stream0_IRQHandler
                0x08000c78                WWDG_IRQHandler
                0x08000c78                TIM2_IRQHandler
                0x08000c78                OTG_FS_WKUP_IRQHandler
                0x08000c78                TIM1_TRG_COM_TIM11_IRQHandler
                0x08000c78                EXTI1_IRQHandler
                0x08000c78                USART2_IRQHandler
                0x08000c78                I2C2_ER_IRQHandler
                0x08000c78                DMA2_Stream1_IRQHandler
                0x08000c78                FLASH_IRQHandler
                0x08000c78                DMA2_Stream4_IRQHandler
                0x08000c78                USART1_IRQHandler
                0x08000c78                OTG_FS_IRQHandler
                0x08000c78                SPI3_IRQHandler
                0x08000c78                DMA1_Stream4_IRQHandler
                0x08000c78                I2C1_ER_IRQHandler
                0x08000c78                DMA2_Stream6_IRQHandler
                0x08000c78                DMA1_Stream3_IRQHandler
 *fill*         0x08000c7a        0x2 
 .text.HAL_Init
                0x08000c7c       0x44 ./Drivers/STM32F4xx_HAL_Driver/Src/stm32f4xx_hal.o
                0x08000c7c                HAL_Init
 .text.HAL_InitTick
                0x08000cc0       0x60 ./Drivers/STM32F4xx_HAL_Driver/Src/stm32f4xx_hal.o
                0x08000cc0                HAL_InitTick
 .text.HAL_IncTick
                0x08000d20       0x28 ./Drivers/STM32F4xx_HAL_Driver/Src/stm32f4xx_hal.o
                0x08000d20                HAL_IncTick
 .text.HAL_GetTick
                0x08000d48       0x18 ./Drivers/STM32F4xx_HAL_Driver/Src/stm32f4xx_hal.o
                0x08000d48                HAL_GetTick
 .text.HAL_Delay
                0x08000d60       0x48 ./Drivers/STM32F4xx_HAL_Driver/Src/stm32f4xx_hal.o
                0x08000d60                HAL_Delay
 .text.HAL_ADC_Init
                0x08000da8       0x86 ./Drivers/STM32F4xx_HAL_Driver/Src/stm32f4xx_hal_adc.o
                0x08000da8                HAL_ADC_Init
 *fill*         0x08000e2e        0x2 
 .text.HAL_ADC_Start
                0x08000e30      0x168 ./Drivers/STM32F4xx_HAL_Driver/Src/stm32f4xx_hal_adc.o
                0x08000e30                HAL_ADC_Start
 .text.HAL_ADC_Stop
                0x08000f98       0x66 ./Drivers/STM32F4xx_HAL_Driver/Src/stm32f4xx_hal_adc.o
                0x08000f98                HAL_ADC_Stop
 .text.HAL_ADC_PollForConversion
                0x08000ffe      0x116 ./Drivers/STM32F4xx_HAL_Driver/Src/stm32f4xx_hal_adc.o
                0x08000ffe                HAL_ADC_PollForConversion
 .text.HAL_ADC_GetValue
                0x08001114       0x1a ./Drivers/STM32F4xx_HAL_Driver/Src/stm32f4xx_hal_adc.o
                0x08001114                HAL_ADC_GetValue
 *fill*         0x0800112e        0x2 
 .text.HAL_ADC_ConfigChannel
                0x08001130      0x264 ./Drivers/STM32F4xx_HAL_Driver/Src/stm32f4xx_hal_adc.o
                0x08001130                HAL_ADC_ConfigChannel
 .text.ADC_Init
                0x08001394      0x1f8 ./Drivers/STM32F4xx_HAL_Driver/Src/stm32f4xx_hal_adc.o
 .text.__NVIC_SetPriorityGrouping
                0x0800158c       0x48 ./Drivers/STM32F4xx_HAL_Driver/Src/stm32f4xx_hal_cortex.o
 .text.__NVIC_GetPriorityGrouping
                0x080015d4       0x1c ./Drivers/STM32F4xx_HAL_Driver/Src/stm32f4xx_hal_cortex.o
 .text.__NVIC_EnableIRQ
                0x080015f0       0x3c ./Drivers/STM32F4xx_HAL_Driver/Src/stm32f4xx_hal_cortex.o
 .text.__NVIC_SetPriority
                0x0800162c       0x54 ./Drivers/STM32F4xx_HAL_Driver/Src/stm32f4xx_hal_cortex.o
 .text.NVIC_EncodePriority
                0x08001680       0x66 ./Drivers/STM32F4xx_HAL_Driver/Src/stm32f4xx_hal_cortex.o
 *fill*         0x080016e6        0x2 
 .text.SysTick_Config
                0x080016e8       0x44 ./Drivers/STM32F4xx_HAL_Driver/Src/stm32f4xx_hal_cortex.o
 .text.HAL_NVIC_SetPriorityGrouping
                0x0800172c       0x16 ./Drivers/STM32F4xx_HAL_Driver/Src/stm32f4xx_hal_cortex.o
                0x0800172c                HAL_NVIC_SetPriorityGrouping
 .text.HAL_NVIC_SetPriority
                0x08001742       0x38 ./Drivers/STM32F4xx_HAL_Driver/Src/stm32f4xx_hal_cortex.o
                0x08001742                HAL_NVIC_SetPriority
 .text.HAL_NVIC_EnableIRQ
                0x0800177a       0x1c ./Drivers/STM32F4xx_HAL_Driver/Src/stm32f4xx_hal_cortex.o
                0x0800177a                HAL_NVIC_EnableIRQ
 .text.HAL_SYSTICK_Config
                0x08001796       0x18 ./Drivers/STM32F4xx_HAL_Driver/Src/stm32f4xx_hal_cortex.o
                0x08001796                HAL_SYSTICK_Config
 *fill*         0x080017ae        0x2 
 .text.HAL_GPIO_Init
                0x080017b0      0x308 ./Drivers/STM32F4xx_HAL_Driver/Src/stm32f4xx_hal_gpio.o
                0x080017b0                HAL_GPIO_Init
 .text.HAL_GPIO_ReadPin
                0x08001ab8       0x30 ./Drivers/STM32F4xx_HAL_Driver/Src/stm32f4xx_hal_gpio.o
                0x08001ab8                HAL_GPIO_ReadPin
 .text.HAL_GPIO_WritePin
                0x08001ae8       0x32 ./Drivers/STM32F4xx_HAL_Driver/Src/stm32f4xx_hal_gpio.o
                0x08001ae8                HAL_GPIO_WritePin
 *fill*         0x08001b1a        0x2 
 .text.HAL_GPIO_EXTI_IRQHandler
                0x08001b1c       0x30 ./Drivers/STM32F4xx_HAL_Driver/Src/stm32f4xx_hal_gpio.o
                0x08001b1c                HAL_GPIO_EXTI_IRQHandler
 .text.HAL_I2C_Init
                0x08001b4c      0x288 ./Drivers/STM32F4xx_HAL_Driver/Src/stm32f4xx_hal_i2c.o
                0x08001b4c                HAL_I2C_Init
 .text.HAL_I2C_Mem_Write
                0x08001dd4      0x1f4 ./Drivers/STM32F4xx_HAL_Driver/Src/stm32f4xx_hal_i2c.o
                0x08001dd4                HAL_I2C_Mem_Write
 .text.I2C_RequestMemoryWrite
                0x08001fc8      0x12c ./Drivers/STM32F4xx_HAL_Driver/Src/stm32f4xx_hal_i2c.o
 .text.I2C_WaitOnFlagUntilTimeout
                0x080020f4       0xf4 ./Drivers/STM32F4xx_HAL_Driver/Src/stm32f4xx_hal_i2c.o
 .text.I2C_WaitOnMasterAddressFlagUntilTimeout
                0x080021e8      0x140 ./Drivers/STM32F4xx_HAL_Driver/Src/stm32f4xx_hal_i2c.o
 .text.I2C_WaitOnTXEFlagUntilTimeout
                0x08002328       0x90 ./Drivers/STM32F4xx_HAL_Driver/Src/stm32f4xx_hal_i2c.o
 .text.I2C_WaitOnBTFFlagUntilTimeout
                0x080023b8       0x90 ./Drivers/STM32F4xx_HAL_Driver/Src/stm32f4xx_hal_i2c.o
 .text.I2C_IsAcknowledgeFailed
                0x08002448       0x5e ./Drivers/STM32F4xx_HAL_Driver/Src/stm32f4xx_hal_i2c.o
 *fill*         0x080024a6        0x2 
 .text.HAL_RCC_OscConfig
                0x080024a8      0x4f0 ./Drivers/STM32F4xx_HAL_Driver/Src/stm32f4xx_hal_rcc.o
                0x080024a8                HAL_RCC_OscConfig
 .text.HAL_RCC_ClockConfig
                0x08002998      0x1cc ./Drivers/STM32F4xx_HAL_Driver/Src/stm32f4xx_hal_rcc.o
                0x08002998                HAL_RCC_ClockConfig
 .text.HAL_RCC_GetSysClockFreq
                0x08002b64      0x188 ./Drivers/STM32F4xx_HAL_Driver/Src/stm32f4xx_hal_rcc.o
                0x08002b64                HAL_RCC_GetSysClockFreq
 .text.HAL_RCC_GetHCLKFreq
                0x08002cec       0x18 ./Drivers/STM32F4xx_HAL_Driver/Src/stm32f4xx_hal_rcc.o
                0x08002cec                HAL_RCC_GetHCLKFreq
 .text.HAL_RCC_GetPCLK1Freq
                0x08002d04       0x28 ./Drivers/STM32F4xx_HAL_Driver/Src/stm32f4xx_hal_rcc.o
                0x08002d04                HAL_RCC_GetPCLK1Freq
 .text.HAL_RCC_GetPCLK2Freq
                0x08002d2c       0x28 ./Drivers/STM32F4xx_HAL_Driver/Src/stm32f4xx_hal_rcc.o
                0x08002d2c                HAL_RCC_GetPCLK2Freq
 .text.HAL_UART_Init
                0x08002d54       0xa0 ./Drivers/STM32F4xx_HAL_Driver/Src/stm32f4xx_hal_uart.o
                0x08002d54                HAL_UART_Init
 .text.HAL_UART_Transmit
                0x08002df4      0x116 ./Drivers/STM32F4xx_HAL_Driver/Src/stm32f4xx_hal_uart.o
                0x08002df4                HAL_UART_Transmit
 .text.HAL_UART_Receive
                0x08002f0a      0x12e ./Drivers/STM32F4xx_HAL_Driver/Src/stm32f4xx_hal_uart.o
                0x08002f0a                HAL_UART_Receive
 .text.UART_WaitOnFlagUntilTimeout
                0x08003038       0xb2 ./Drivers/STM32F4xx_HAL_Driver/Src/stm32f4xx_hal_uart.o
 .text.UART_EndRxTransfer
                0x080030ea       0xc6 ./Drivers/STM32F4xx_HAL_Driver/Src/stm32f4xx_hal_uart.o
 .text.UART_SetConfig
                0x080031b0      0x4e8 ./Drivers/STM32F4xx_HAL_Driver/Src/stm32f4xx_hal_uart.o
 .text.App_Init
                0x08003698       0x32 ./Source/App/app_main.o
                0x08003698                App_Init
 .text.App_Loop
                0x080036ca       0x32 ./Source/App/app_main.o
                0x080036ca                App_Loop
 .text.App_HandleEvent
                0x080036fc       0x88 ./Source/App/app_main.o
 .text.BSP_Audio_Init
                0x08003784       0xc4 ./Source/BSP/bsp_audio.o
                0x08003784                BSP_Audio_Init
 .text.BSP_Audio_Service
                0x08003848        0xc ./Source/BSP/bsp_audio.o
                0x08003848                BSP_Audio_Service
 .text.BSP_Audio_PlayToggle
                0x08003854       0x58 ./Source/BSP/bsp_audio.o
                0x08003854                BSP_Audio_PlayToggle
 .text.BSP_Audio_Prev
                0x080038ac       0x70 ./Source/BSP/bsp_audio.o
                0x080038ac                BSP_Audio_Prev
 .text.BSP_Audio_Next
                0x0800391c       0x64 ./Source/BSP/bsp_audio.o
                0x0800391c                BSP_Audio_Next
 .text.BSP_Audio_ModeToggle
                0x08003980       0x24 ./Source/BSP/bsp_audio.o
                0x08003980                BSP_Audio_ModeToggle
 .text.BSP_Audio_VolUp
                0x080039a4       0x40 ./Source/BSP/bsp_audio.o
                0x080039a4                BSP_Audio_VolUp
 .text.BSP_Audio_VolDown
                0x080039e4       0x40 ./Source/BSP/bsp_audio.o
                0x080039e4                BSP_Audio_VolDown
 .text.BSP_Audio_IsPlaying
                0x08003a24       0x18 ./Source/BSP/bsp_audio.o
                0x08003a24                BSP_Audio_IsPlaying
 .text.BSP_Audio_GetVolume
                0x08003a3c       0x18 ./Source/BSP/bsp_audio.o
                0x08003a3c                BSP_Audio_GetVolume
 .text.BSP_Audio_GetTrack
                0x08003a54       0x18 ./Source/BSP/bsp_audio.o
                0x08003a54                BSP_Audio_GetTrack
 .text.BSP_Audio_GetTrackTotal
                0x08003a6c       0x18 ./Source/BSP/bsp_audio.o
                0x08003a6c                BSP_Audio_GetTrackTotal
 .text.BSP_Audio_GetSource
                0x08003a84       0x18 ./Source/BSP/bsp_audio.o
                0x08003a84                BSP_Audio_GetSource
 .text.BSP_Audio_SetSource
                0x08003a9c       0xa4 ./Source/BSP/bsp_audio.o
 .text.BSP_Audio_DfpBusyIdleRaw
                0x08003b40       0x2c ./Source/BSP/bsp_audio.o
 .text.BSP_Audio_AutoNextByBusyService
                0x08003b6c       0xe4 ./Source/BSP/bsp_audio.o
 .text.BSP_Audio_DetectTrackTotalByWrap
                0x08003c50       0xd4 ./Source/BSP/bsp_audio.o
 .text.BSP_Audio_AudioSwitchMute
                0x08003d24       0x2c ./Source/BSP/bsp_audio.o
 .text.BSP_Audio_SetBtPower
                0x08003d50       0x2c ./Source/BSP/bsp_audio.o
 .text.BSP_Battery_Init
                0x08003d7c       0x64 ./Source/BSP/bsp_battery.o
                0x08003d7c                BSP_Battery_Init
 .text.BSP_Battery_Service
                0x08003de0       0xb0 ./Source/BSP/bsp_battery.o
                0x08003de0                BSP_Battery_Service
 .text.BSP_Battery_GetPercent
                0x08003e90       0x18 ./Source/BSP/bsp_battery.o
                0x08003e90                BSP_Battery_GetPercent
 .text.BSP_Battery_ReadRawAverage
                0x08003ea8       0x8c ./Source/BSP/bsp_battery.o
 .text.BSP_Battery_RawToVoltage
                0x08003f34       0x58 ./Source/BSP/bsp_battery.o
 .text.BSP_Battery_VoltageToPercent
                0x08003f8c       0xb8 ./Source/BSP/bsp_battery.o
 .text.BSP_Button_Init
                0x08004044       0xa4 ./Source/BSP/bsp_button.o
                0x08004044                BSP_Button_Init
 .text.BSP_Button_PopEvent
                0x080040e8       0x74 ./Source/BSP/bsp_button.o
                0x080040e8                BSP_Button_PopEvent
 .text.HAL_GPIO_EXTI_Callback
                0x0800415c      0x108 ./Source/BSP/bsp_button.o
                0x0800415c                HAL_GPIO_EXTI_Callback
 .text.BSP_Button_FindIndexByPin
                0x08004264       0x4c ./Source/BSP/bsp_button.o
 .text.BSP_Button_PostEventFromISR
                0x080042b0       0x54 ./Source/BSP/bsp_button.o
 .text.BSP_Display_Init
                0x08004304       0x1c ./Source/BSP/bsp_display.o
                0x08004304                BSP_Display_Init
 .text.BSP_Display_FirstDraw
                0x08004320       0x28 ./Source/BSP/bsp_display.o
                0x08004320                BSP_Display_FirstDraw
 .text.BSP_Display_RefreshAll
                0x08004348       0x94 ./Source/BSP/bsp_display.o
                0x08004348                BSP_Display_RefreshAll
 .text.BSP_Display_ResetWaveAnim
                0x080043dc       0x20 ./Source/BSP/bsp_display.o
                0x080043dc                BSP_Display_ResetWaveAnim
 .text.BSP_Display_Service
                0x080043fc      0x148 ./Source/BSP/bsp_display.o
                0x080043fc                BSP_Display_Service
 .text.BSP_Display_DrawPauseFull
                0x08004544       0x30 ./Source/BSP/bsp_display.o
                0x08004544                BSP_Display_DrawPauseFull
 .text.BSP_Display_DrawPauseIconOnly
                0x08004574       0x38 ./Source/BSP/bsp_display.o
                0x08004574                BSP_Display_DrawPauseIconOnly
 .text.BSP_Display_DrawPlayIconOnly
                0x080045ac       0x38 ./Source/BSP/bsp_display.o
                0x080045ac                BSP_Display_DrawPlayIconOnly
 .text.BSP_Display_DrawBluetoothFull
                0x080045e4       0x30 ./Source/BSP/bsp_display.o
                0x080045e4                BSP_Display_DrawBluetoothFull
 .text.BSP_Display_DrawWaveFrame
                0x08004614       0x7c ./Source/BSP/bsp_display.o
                0x08004614                BSP_Display_DrawWaveFrame
 .text.BSP_Display_DrawTrack
                0x08004690       0x64 ./Source/BSP/bsp_display.o
 .text.BSP_Display_DrawVolume
                0x080046f4       0x58 ./Source/BSP/bsp_display.o
 .text.BSP_Display_DrawBattery
                0x0800474c       0x58 ./Source/BSP/bsp_display.o
 .text.BSP_Display_UpdateCacheFromSystem
                0x080047a4       0x68 ./Source/BSP/bsp_display.o
 .text.DFPLAYER_SendUART
                0x0800480c       0x22 ./Source/Peripherals/DFPLAYER.o
 .text.DFPLAYER_Delay
                0x0800482e       0x1a ./Source/Peripherals/DFPLAYER.o
 .text.DFPLAYER_GetChecksum
                0x08004848       0x40 ./Source/Peripherals/DFPLAYER.o
 .text.DFPLAYER_FillBigend
                0x08004888       0x2e ./Source/Peripherals/DFPLAYER.o
 .text.DFPLAYER_FillChecksum
                0x080048b6       0x2e ./Source/Peripherals/DFPLAYER.o
 .text.DFPLAYER_SendCmdEx
                0x080048e4       0x4c ./Source/Peripherals/DFPLAYER.o
 .text.DFPLAYER_SendCmd
                0x08004930       0x38 ./Source/Peripherals/DFPLAYER.o
 .text.DFPLAYER_FlushRx
                0x08004968       0x2a ./Source/Peripherals/DFPLAYER.o
 .text.DFPLAYER_ReadFrame
                0x08004992       0x7e ./Source/Peripherals/DFPLAYER.o
 .text.DFPLAYER_WaitResponseCmd
                0x08004a10       0x84 ./Source/Peripherals/DFPLAYER.o
 .text.DFPLAYER_Init
                0x08004a94       0x48 ./Source/Peripherals/DFPLAYER.o
                0x08004a94                DFPLAYER_Init
 .text.DFPLAYER_Next
                0x08004adc       0x1c ./Source/Peripherals/DFPLAYER.o
                0x08004adc                DFPLAYER_Next
 .text.DFPLAYER_Prev
                0x08004af8       0x1c ./Source/Peripherals/DFPLAYER.o
                0x08004af8                DFPLAYER_Prev
 .text.DFPLAYER_SetVolume
                0x08004b14       0x30 ./Source/Peripherals/DFPLAYER.o
                0x08004b14                DFPLAYER_SetVolume
 .text.DFPLAYER_Play
                0x08004b44       0x1c ./Source/Peripherals/DFPLAYER.o
                0x08004b44                DFPLAYER_Play
 .text.DFPLAYER_Pause
                0x08004b60       0x1c ./Source/Peripherals/DFPLAYER.o
                0x08004b60                DFPLAYER_Pause
 .text.DFPLAYER_SelectTF
                0x08004b7c       0x20 ./Source/Peripherals/DFPLAYER.o
                0x08004b7c                DFPLAYER_SelectTF
 .text.DFPLAYER_QueryCurrentTfTrack
                0x08004b9c       0x42 ./Source/Peripherals/DFPLAYER.o
                0x08004b9c                DFPLAYER_QueryCurrentTfTrack
 .text.ssd1306_Reset
                0x08004bde        0xe ./Source/Peripherals/ssd1306.o
                0x08004bde                ssd1306_Reset
 .text.ssd1306_WriteCommand
                0x08004bec       0x30 ./Source/Peripherals/ssd1306.o
                0x08004bec                ssd1306_WriteCommand
 .text.ssd1306_WriteData
                0x08004c1c       0x34 ./Source/Peripherals/ssd1306.o
                0x08004c1c                ssd1306_WriteData
 .text.ssd1306_Init
                0x08004c50       0xd4 ./Source/Peripherals/ssd1306.o
                0x08004c50                ssd1306_Init
 .text.ssd1306_Fill
                0x08004d24       0x30 ./Source/Peripherals/ssd1306.o
                0x08004d24                ssd1306_Fill
 .text.ssd1306_UpdateScreen
                0x08004d54       0x50 ./Source/Peripherals/ssd1306.o
                0x08004d54                ssd1306_UpdateScreen
 .text.ssd1306_UpdateArea
                0x08004da4       0xec ./Source/Peripherals/ssd1306.o
                0x08004da4                ssd1306_UpdateArea
 .text.ssd1306_DrawPixel
                0x08004e90       0xa8 ./Source/Peripherals/ssd1306.o
                0x08004e90                ssd1306_DrawPixel
 .text.ssd1306_WriteChar
                0x08004f38      0x124 ./Source/Peripherals/ssd1306.o
                0x08004f38                ssd1306_WriteChar
 .text.ssd1306_WriteString
                0x0800505c       0x4c ./Source/Peripherals/ssd1306.o
                0x0800505c                ssd1306_WriteString
 .text.ssd1306_SetCursor
                0x080050a8       0x30 ./Source/Peripherals/ssd1306.o
                0x080050a8                ssd1306_SetCursor
 .text.ssd1306_FillRectangle
                0x080050d8       0x9c ./Source/Peripherals/ssd1306.o
                0x080050d8                ssd1306_FillRectangle
 .text.ssd1306_DrawBitmap
                0x08005174       0xb6 ./Source/Peripherals/ssd1306.o
                0x08005174                ssd1306_DrawBitmap
 .text.ssd1306_SetContrast
                0x0800522a       0x26 ./Source/Peripherals/ssd1306.o
                0x0800522a                ssd1306_SetContrast
 .text.ssd1306_SetDisplayOn
                0x08005250       0x3c ./Source/Peripherals/ssd1306.o
                0x08005250                ssd1306_SetDisplayOn
 .text.snprintf
                0x0800528c       0x6c E:/ASUS/STM32CubeIDE_1.13.2/STM32CubeIDE/plugins/com.st.stm32cube.ide.mcu.externaltools.gnu-tools-for-stm32.14.3.rel1.win32_1.0.100.202602081740/tools/bin/../lib/gcc/arm-none-eabi/14.3.1/../../../../arm-none-eabi/lib/thumb/v7e-m+fp/hard\libc_nano.a(libc_a-snprintf.o)
                0x0800528c                sniprintf
                0x0800528c                snprintf
 .text.memset   0x080052f8       0x10 E:/ASUS/STM32CubeIDE_1.13.2/STM32CubeIDE/plugins/com.st.stm32cube.ide.mcu.externaltools.gnu-tools-for-stm32.14.3.rel1.win32_1.0.100.202602081740/tools/bin/../lib/gcc/arm-none-eabi/14.3.1/../../../../arm-none-eabi/lib/thumb/v7e-m+fp/hard\libc_nano.a(libc_a-memset.o)
                0x080052f8                memset
 .text.__errno  0x08005308        0xc E:/ASUS/STM32CubeIDE_1.13.2/STM32CubeIDE/plugins/com.st.stm32cube.ide.mcu.externaltools.gnu-tools-for-stm32.14.3.rel1.win32_1.0.100.202602081740/tools/bin/../lib/gcc/arm-none-eabi/14.3.1/../../../../arm-none-eabi/lib/thumb/v7e-m+fp/hard\libc_nano.a(libc_a-errno.o)
                0x08005308                __errno
 .text.__libc_init_array
                0x08005314       0x48 E:/ASUS/STM32CubeIDE_1.13.2/STM32CubeIDE/plugins/com.st.stm32cube.ide.mcu.externaltools.gnu-tools-for-stm32.14.3.rel1.win32_1.0.100.202602081740/tools/bin/../lib/gcc/arm-none-eabi/14.3.1/../../../../arm-none-eabi/lib/thumb/v7e-m+fp/hard\libc_nano.a(libc_a-init.o)
                0x08005314                __libc_init_array
 .text.__retarget_lock_acquire_recursive
                0x0800535c        0x2 E:/ASUS/STM32CubeIDE_1.13.2/STM32CubeIDE/plugins/com.st.stm32cube.ide.mcu.externaltools.gnu-tools-for-stm32.14.3.rel1.win32_1.0.100.202602081740/tools/bin/../lib/gcc/arm-none-eabi/14.3.1/../../../../arm-none-eabi/lib/thumb/v7e-m+fp/hard\libc_nano.a(libc_a-lock.o)
                0x0800535c                __retarget_lock_acquire_recursive
 .text.__retarget_lock_release_recursive
                0x0800535e        0x2 E:/ASUS/STM32CubeIDE_1.13.2/STM32CubeIDE/plugins/com.st.stm32cube.ide.mcu.externaltools.gnu-tools-for-stm32.14.3.rel1.win32_1.0.100.202602081740/tools/bin/../lib/gcc/arm-none-eabi/14.3.1/../../../../arm-none-eabi/lib/thumb/v7e-m+fp/hard\libc_nano.a(libc_a-lock.o)
                0x0800535e                __retarget_lock_release_recursive
 .text.memcpy   0x08005360       0x1c E:/ASUS/STM32CubeIDE_1.13.2/STM32CubeIDE/plugins/com.st.stm32cube.ide.mcu.externaltools.gnu-tools-for-stm32.14.3.rel1.win32_1.0.100.202602081740/tools/bin/../lib/gcc/arm-none-eabi/14.3.1/../../../../arm-none-eabi/lib/thumb/v7e-m+fp/hard\libc_nano.a(libc_a-memcpy-stub.o)
                0x08005360                memcpy
 .text._free_r  0x0800537c       0x94 E:/ASUS/STM32CubeIDE_1.13.2/STM32CubeIDE/plugins/com.st.stm32cube.ide.mcu.externaltools.gnu-tools-for-stm32.14.3.rel1.win32_1.0.100.202602081740/tools/bin/../lib/gcc/arm-none-eabi/14.3.1/../../../../arm-none-eabi/lib/thumb/v7e-m+fp/hard\libc_nano.a(libc_a-freer.o)
                0x0800537c                _free_r
 .text.sbrk_aligned
                0x08005410       0x44 E:/ASUS/STM32CubeIDE_1.13.2/STM32CubeIDE/plugins/com.st.stm32cube.ide.mcu.externaltools.gnu-tools-for-stm32.14.3.rel1.win32_1.0.100.202602081740/tools/bin/../lib/gcc/arm-none-eabi/14.3.1/../../../../arm-none-eabi/lib/thumb/v7e-m+fp/hard\libc_nano.a(libc_a-mallocr.o)
 .text._malloc_r
                0x08005454      0x100 E:/ASUS/STM32CubeIDE_1.13.2/STM32CubeIDE/plugins/com.st.stm32cube.ide.mcu.externaltools.gnu-tools-for-stm32.14.3.rel1.win32_1.0.100.202602081740/tools/bin/../lib/gcc/arm-none-eabi/14.3.1/../../../../arm-none-eabi/lib/thumb/v7e-m+fp/hard\libc_nano.a(libc_a-mallocr.o)
                0x08005454                _malloc_r
 .text.__malloc_lock
                0x08005554        0xc E:/ASUS/STM32CubeIDE_1.13.2/STM32CubeIDE/plugins/com.st.stm32cube.ide.mcu.externaltools.gnu-tools-for-stm32.14.3.rel1.win32_1.0.100.202602081740/tools/bin/../lib/gcc/arm-none-eabi/14.3.1/../../../../arm-none-eabi/lib/thumb/v7e-m+fp/hard\libc_nano.a(libc_a-mlock.o)
                0x08005554                __malloc_lock
 .text.__malloc_unlock
                0x08005560        0xc E:/ASUS/STM32CubeIDE_1.13.2/STM32CubeIDE/plugins/com.st.stm32cube.ide.mcu.externaltools.gnu-tools-for-stm32.14.3.rel1.win32_1.0.100.202602081740/tools/bin/../lib/gcc/arm-none-eabi/14.3.1/../../../../arm-none-eabi/lib/thumb/v7e-m+fp/hard\libc_nano.a(libc_a-mlock.o)
                0x08005560                __malloc_unlock
 .text.__ssputs_r
                0x0800556c       0xc0 E:/ASUS/STM32CubeIDE_1.13.2/STM32CubeIDE/plugins/com.st.stm32cube.ide.mcu.externaltools.gnu-tools-for-stm32.14.3.rel1.win32_1.0.100.202602081740/tools/bin/../lib/gcc/arm-none-eabi/14.3.1/../../../../arm-none-eabi/lib/thumb/v7e-m+fp/hard\libc_nano.a(libc_a-nano-svfprintf.o)
                0x0800556c                __ssputs_r
 .text._svfprintf_r
                0x0800562c      0x1f0 E:/ASUS/STM32CubeIDE_1.13.2/STM32CubeIDE/plugins/com.st.stm32cube.ide.mcu.externaltools.gnu-tools-for-stm32.14.3.rel1.win32_1.0.100.202602081740/tools/bin/../lib/gcc/arm-none-eabi/14.3.1/../../../../arm-none-eabi/lib/thumb/v7e-m+fp/hard\libc_nano.a(libc_a-nano-svfprintf.o)
                0x0800562c                _svfiprintf_r
                0x0800562c                _svfprintf_r
 .text._printf_common
                0x0800581c       0xda E:/ASUS/STM32CubeIDE_1.13.2/STM32CubeIDE/plugins/com.st.stm32cube.ide.mcu.externaltools.gnu-tools-for-stm32.14.3.rel1.win32_1.0.100.202602081740/tools/bin/../lib/gcc/arm-none-eabi/14.3.1/../../../../arm-none-eabi/lib/thumb/v7e-m+fp/hard\libc_nano.a(libc_a-nano-vfprintf_i.o)
                0x0800581c                _printf_common
 *fill*         0x080058f6        0x2 
 .text._printf_i
                0x080058f8      0x24c E:/ASUS/STM32CubeIDE_1.13.2/STM32CubeIDE/plugins/com.st.stm32cube.ide.mcu.externaltools.gnu-tools-for-stm32.14.3.rel1.win32_1.0.100.202602081740/tools/bin/../lib/gcc/arm-none-eabi/14.3.1/../../../../arm-none-eabi/lib/thumb/v7e-m+fp/hard\libc_nano.a(libc_a-nano-vfprintf_i.o)
                0x080058f8                _printf_i
 .text.memmove  0x08005b44       0x32 E:/ASUS/STM32CubeIDE_1.13.2/STM32CubeIDE/plugins/com.st.stm32cube.ide.mcu.externaltools.gnu-tools-for-stm32.14.3.rel1.win32_1.0.100.202602081740/tools/bin/../lib/gcc/arm-none-eabi/14.3.1/../../../../arm-none-eabi/lib/thumb/v7e-m+fp/hard\libc_nano.a(libc_a-memmove.o)
                0x08005b44                memmove
 *fill*         0x08005b76        0x2 
 .text._sbrk_r  0x08005b78       0x20 E:/ASUS/STM32CubeIDE_1.13.2/STM32CubeIDE/plugins/com.st.stm32cube.ide.mcu.externaltools.gnu-tools-for-stm32.14.3.rel1.win32_1.0.100.202602081740/tools/bin/../lib/gcc/arm-none-eabi/14.3.1/../../../../arm-none-eabi/lib/thumb/v7e-m+fp/hard\libc_nano.a(libc_a-sbrkr.o)
                0x08005b78                _sbrk_r
 .text._realloc_r
                0x08005b98       0x5c E:/ASUS/STM32CubeIDE_1.13.2/STM32CubeIDE/plugins/com.st.stm32cube.ide.mcu.externaltools.gnu-tools-for-stm32.14.3.rel1.win32_1.0.100.202602081740/tools/bin/../lib/gcc/arm-none-eabi/14.3.1/../../../../arm-none-eabi/lib/thumb/v7e-m+fp/hard\libc_nano.a(libc_a-reallocr.o)
                0x08005b98                _realloc_r
 .text._malloc_usable_size_r
                0x08005bf4       0x10 E:/ASUS/STM32CubeIDE_1.13.2/STM32CubeIDE/plugins/com.st.stm32cube.ide.mcu.externaltools.gnu-tools-for-stm32.14.3.rel1.win32_1.0.100.202602081740/tools/bin/../lib/gcc/arm-none-eabi/14.3.1/../../../../arm-none-eabi/lib/thumb/v7e-m+fp/hard\libc_nano.a(libc_a-msizer.o)
                0x08005bf4                _malloc_usable_size_r
 *(.glue_7)
 .glue_7        0x08005c04        0x0 linker stubs
 *(.glue_7t)
 .glue_7t       0x08005c04        0x0 linker stubs
 *(.eh_frame)
 .eh_frame      0x08005c04        0x0 E:/ASUS/STM32CubeIDE_1.13.2/STM32CubeIDE/plugins/com.st.stm32cube.ide.mcu.externaltools.gnu-tools-for-stm32.14.3.rel1.win32_1.0.100.202602081740/tools/bin/../lib/gcc/arm-none-eabi/14.3.1/thumb/v7e-m+fp/hard/crtbegin.o
 *(.init)
 .init          0x08005c04        0x4 E:/ASUS/STM32CubeIDE_1.13.2/STM32CubeIDE/plugins/com.st.stm32cube.ide.mcu.externaltools.gnu-tools-for-stm32.14.3.rel1.win32_1.0.100.202602081740/tools/bin/../lib/gcc/arm-none-eabi/14.3.1/thumb/v7e-m+fp/hard/crti.o
                0x08005c04                _init
 .init          0x08005c08        0x8 E:/ASUS/STM32CubeIDE_1.13.2/STM32CubeIDE/plugins/com.st.stm32cube.ide.mcu.externaltools.gnu-tools-for-stm32.14.3.rel1.win32_1.0.100.202602081740/tools/bin/../lib/gcc/arm-none-eabi/14.3.1/thumb/v7e-m+fp/hard/crtn.o
 *(.fini)
 .fini          0x08005c10        0x4 E:/ASUS/STM32CubeIDE_1.13.2/STM32CubeIDE/plugins/com.st.stm32cube.ide.mcu.externaltools.gnu-tools-for-stm32.14.3.rel1.win32_1.0.100.202602081740/tools/bin/../lib/gcc/arm-none-eabi/14.3.1/thumb/v7e-m+fp/hard/crti.o
                0x08005c10                _fini
 .fini          0x08005c14        0x8 E:/ASUS/STM32CubeIDE_1.13.2/STM32CubeIDE/plugins/com.st.stm32cube.ide.mcu.externaltools.gnu-tools-for-stm32.14.3.rel1.win32_1.0.100.202602081740/tools/bin/../lib/gcc/arm-none-eabi/14.3.1/thumb/v7e-m+fp/hard/crtn.o
                0x08005c1c                        . = ALIGN (0x4)
                0x08005c1c                        _etext = .

.vfp11_veneer   0x08005c1c        0x0
 .vfp11_veneer  0x08005c1c        0x0 linker stubs

.v4_bx          0x08005c1c        0x0
 .v4_bx         0x08005c1c        0x0 linker stubs

.iplt           0x08005c1c        0x0
 .iplt          0x08005c1c        0x0 E:/ASUS/STM32CubeIDE_1.13.2/STM32CubeIDE/plugins/com.st.stm32cube.ide.mcu.externaltools.gnu-tools-for-stm32.14.3.rel1.win32_1.0.100.202602081740/tools/bin/../lib/gcc/arm-none-eabi/14.3.1/thumb/v7e-m+fp/hard/crtbegin.o

.rodata         0x08005c1c     0x3a8c
                0x08005c1c                        . = ALIGN (0x4)
 *(.rodata)
 .rodata        0x08005c1c       0x41 ./Source/BSP/bsp_display.o
 *(.rodata*)
 *fill*         0x08005c5d        0x3 
 .rodata.AHBPrescTable
                0x08005c60       0x10 ./Core/Src/system_stm32f4xx.o
                0x08005c60                AHBPrescTable
 .rodata.APBPrescTable
                0x08005c70        0x8 ./Core/Src/system_stm32f4xx.o
                0x08005c70                APBPrescTable
 .rodata.Font6x8
                0x08005c78      0x5f0 ./Source/Peripherals/ssd1306_fonts.o
 .rodata.Font_6x8
                0x08006268        0xc ./Source/Peripherals/ssd1306_fonts.o
                0x08006268                Font_6x8
 .rodata.ui_bluetooth_bitmap
                0x08006274      0x400 ./Source/Peripherals/ui_assets.o
                0x08006274                ui_bluetooth_bitmap
 .rodata.ui_play_bitmap
                0x08006674      0x400 ./Source/Peripherals/ui_assets.o
                0x08006674                ui_play_bitmap
 .rodata.ui_pause_bitmap
                0x08006a74      0x400 ./Source/Peripherals/ui_assets.o
                0x08006a74                ui_pause_bitmap
 .rodata.ui_wave_4
                0x08006e74      0x400 ./Source/Peripherals/ui_assets.o
                0x08006e74                ui_wave_4
 .rodata.ui_wave_3
                0x08007274      0x400 ./Source/Peripherals/ui_assets.o
                0x08007274                ui_wave_3
 .rodata.ui_wave_2
                0x08007674      0x400 ./Source/Peripherals/ui_assets.o
                0x08007674                ui_wave_2
 .rodata.ui_wave_1
                0x08007a74      0x400 ./Source/Peripherals/ui_assets.o
                0x08007a74                ui_wave_1
 .rodata.ui_wave_5
                0x08007e74      0x400 ./Source/Peripherals/ui_assets.o
                0x08007e74                ui_wave_5
 .rodata.ui_wave_8
                0x08008274      0x400 ./Source/Peripherals/ui_assets.o
                0x08008274                ui_wave_8
 .rodata.ui_wave_7
                0x08008674      0x400 ./Source/Peripherals/ui_assets.o
                0x08008674                ui_wave_7
 .rodata.ui_wave_6
                0x08008a74      0x400 ./Source/Peripherals/ui_assets.o
                0x08008a74                ui_wave_6
 .rodata.ui_wave_10
                0x08008e74      0x400 ./Source/Peripherals/ui_assets.o
                0x08008e74                ui_wave_10
 .rodata.ui_wave_9
                0x08009274      0x400 ./Source/Peripherals/ui_assets.o
                0x08009274                ui_wave_9
 .rodata._svfprintf_r.str1.1
                0x08009674       0x33 E:/ASUS/STM32CubeIDE_1.13.2/STM32CubeIDE/plugins/com.st.stm32cube.ide.mcu.externaltools.gnu-tools-for-stm32.14.3.rel1.win32_1.0.100.202602081740/tools/bin/../lib/gcc/arm-none-eabi/14.3.1/../../../../arm-none-eabi/lib/thumb/v7e-m+fp/hard\libc_nano.a(libc_a-nano-svfprintf.o)
                                 0x11 (size before relaxing)
 .rodata._printf_i.str1.1
                0x080096a7       0x22 E:/ASUS/STM32CubeIDE_1.13.2/STM32CubeIDE/plugins/com.st.stm32cube.ide.mcu.externaltools.gnu-tools-for-stm32.14.3.rel1.win32_1.0.100.202602081740/tools/bin/../lib/gcc/arm-none-eabi/14.3.1/../../../../arm-none-eabi/lib/thumb/v7e-m+fp/hard\libc_nano.a(libc_a-nano-vfprintf_i.o)
                0x080096cc                        . = ALIGN (0x4)
 *fill*         0x080096a7        0x1 

.ARM.extab      0x080096a8        0x0
                0x080096a8                        . = ALIGN (0x4)
 *(.ARM.extab* .gnu.linkonce.armextab.*)
                0x080096a8                        . = ALIGN (0x4)

.ARM            0x080096a8        0x8
                0x080096a8                        . = ALIGN (0x4)
                0x080096a8                        __exidx_start = .
 *(.ARM.exidx*)
 .ARM.exidx     0x080096a8        0x8 E:/ASUS/STM32CubeIDE_1.13.2/STM32CubeIDE/plugins/com.st.stm32cube.ide.mcu.externaltools.gnu-tools-for-stm32.14.3.rel1.win32_1.0.100.202602081740/tools/bin/../lib/gcc/arm-none-eabi/14.3.1/../../../../arm-none-eabi/lib/thumb/v7e-m+fp/hard\libc_nano.a(libc_a-memchr.o)
 .ARM.exidx     0x080096b0        0x0 E:/ASUS/STM32CubeIDE_1.13.2/STM32CubeIDE/plugins/com.st.stm32cube.ide.mcu.externaltools.gnu-tools-for-stm32.14.3.rel1.win32_1.0.100.202602081740/tools/bin/../lib/gcc/arm-none-eabi/14.3.1/thumb/v7e-m+fp/hard\libgcc.a(_udivmoddi4.o)
                                  0x8 (size before relaxing)
                0x080096b0                        __exidx_end = .
                0x080096b0                        . = ALIGN (0x4)

.preinit_array  0x080096b0        0x0
                0x080096b0                        . = ALIGN (0x4)
                0x080096b0                        PROVIDE (__preinit_array_start = .)
 *(.preinit_array*)
                0x080096b0                        PROVIDE (__preinit_array_end = .)
                0x080096b0                        . = ALIGN (0x4)

.init_array     0x080096b0        0x4
                0x080096b0                        . = ALIGN (0x4)
                0x080096b0                        PROVIDE (__init_array_start = .)
 *(SORT_BY_NAME(.init_array.*))
 *(.init_array*)
 .init_array    0x080096b0        0x4 E:/ASUS/STM32CubeIDE_1.13.2/STM32CubeIDE/plugins/com.st.stm32cube.ide.mcu.externaltools.gnu-tools-for-stm32.14.3.rel1.win32_1.0.100.202602081740/tools/bin/../lib/gcc/arm-none-eabi/14.3.1/thumb/v7e-m+fp/hard/crtbegin.o
                0x080096b4                        PROVIDE (__init_array_end = .)
                0x080096b4                        . = ALIGN (0x4)

.fini_array     0x080096b4        0x4
                0x080096b4                        . = ALIGN (0x4)
                [!provide]                        PROVIDE (__fini_array_start = .)
 *(SORT_BY_NAME(.fini_array.*))
 *(.fini_array*)
 .fini_array    0x080096b4        0x4 E:/ASUS/STM32CubeIDE_1.13.2/STM32CubeIDE/plugins/com.st.stm32cube.ide.mcu.externaltools.gnu-tools-for-stm32.14.3.rel1.win32_1.0.100.202602081740/tools/bin/../lib/gcc/arm-none-eabi/14.3.1/thumb/v7e-m+fp/hard/crtbegin.o
                [!provide]                        PROVIDE (__fini_array_end = .)
                0x080096b8                        . = ALIGN (0x4)
                0x080096b8                        _sidata = LOADADDR (.data)

.rel.dyn        0x080096b8        0x0
 .rel.iplt      0x080096b8        0x0 E:/ASUS/STM32CubeIDE_1.13.2/STM32CubeIDE/plugins/com.st.stm32cube.ide.mcu.externaltools.gnu-tools-for-stm32.14.3.rel1.win32_1.0.100.202602081740/tools/bin/../lib/gcc/arm-none-eabi/14.3.1/thumb/v7e-m+fp/hard/crtbegin.o

.data           0x20000000       0xb8 load address 0x080096b8
                0x20000000                        . = ALIGN (0x4)
                0x20000000                        _sdata = .
 *(.data)
 *(.data*)
 .data.SystemCoreClock
                0x20000000        0x4 ./Core/Src/system_stm32f4xx.o
                0x20000000                SystemCoreClock
 .data.uwTickPrio
                0x20000004        0x4 ./Drivers/STM32F4xx_HAL_Driver/Src/stm32f4xx_hal.o
                0x20000004                uwTickPrio
 .data.uwTickFreq
                0x20000008        0x1 ./Drivers/STM32F4xx_HAL_Driver/Src/stm32f4xx_hal.o
                0x20000008                uwTickFreq
 .data.g_volume
                0x20000009        0x1 ./Source/BSP/bsp_audio.o
 .data.g_busy_idle_stable
                0x2000000a        0x1 ./Source/BSP/bsp_audio.o
 .data.g_busy_idle_sample
                0x2000000b        0x1 ./Source/BSP/bsp_audio.o
 .data.g_track  0x2000000c        0x1 ./Source/BSP/bsp_audio.o
 .data.g_track_total
                0x2000000d        0x1 ./Source/BSP/bsp_audio.o
 *fill*         0x2000000e        0x2 
 .data.g_buttons
                0x20000010       0x48 ./Source/BSP/bsp_button.o
 .data.g_cache_track
                0x20000058        0x1 ./Source/BSP/bsp_display.o
 .data.g_cache_track_total
                0x20000059        0x1 ./Source/BSP/bsp_display.o
 .data.g_cache_battery
                0x2000005a        0x1 ./Source/BSP/bsp_display.o
 *fill*         0x2000005b        0x1 
 .data.SendFrame
                0x2000005c        0xa ./Source/Peripherals/DFPLAYER.o
 *fill*         0x20000066        0x2 
 .data._impure_ptr
                0x20000068        0x4 E:/ASUS/STM32CubeIDE_1.13.2/STM32CubeIDE/plugins/com.st.stm32cube.ide.mcu.externaltools.gnu-tools-for-stm32.14.3.rel1.win32_1.0.100.202602081740/tools/bin/../lib/gcc/arm-none-eabi/14.3.1/../../../../arm-none-eabi/lib/thumb/v7e-m+fp/hard\libc_nano.a(libc_a-impure.o)
                0x20000068                _impure_ptr
 .data._impure_data
                0x2000006c       0x4c E:/ASUS/STM32CubeIDE_1.13.2/STM32CubeIDE/plugins/com.st.stm32cube.ide.mcu.externaltools.gnu-tools-for-stm32.14.3.rel1.win32_1.0.100.202602081740/tools/bin/../lib/gcc/arm-none-eabi/14.3.1/../../../../arm-none-eabi/lib/thumb/v7e-m+fp/hard\libc_nano.a(libc_a-impure.o)
                0x2000006c                _impure_data
 *(.RamFunc)
 *(.RamFunc*)
                0x200000b8                        . = ALIGN (0x4)
                0x200000b8                        _edata = .

.igot.plt       0x200000b8        0x0 load address 0x08009770
 .igot.plt      0x200000b8        0x0 E:/ASUS/STM32CubeIDE_1.13.2/STM32CubeIDE/plugins/com.st.stm32cube.ide.mcu.externaltools.gnu-tools-for-stm32.14.3.rel1.win32_1.0.100.202602081740/tools/bin/../lib/gcc/arm-none-eabi/14.3.1/thumb/v7e-m+fp/hard/crtbegin.o
                0x200000b8                        . = ALIGN (0x4)

.bss            0x200000b8      0x6e4 load address 0x08009770
                0x200000b8                        _sbss = .
                0x200000b8                        __bss_start__ = _sbss
 *(.bss)
 .bss           0x200000b8       0x1c E:/ASUS/STM32CubeIDE_1.13.2/STM32CubeIDE/plugins/com.st.stm32cube.ide.mcu.externaltools.gnu-tools-for-stm32.14.3.rel1.win32_1.0.100.202602081740/tools/bin/../lib/gcc/arm-none-eabi/14.3.1/thumb/v7e-m+fp/hard/crtbegin.o
 *(.bss*)
 .bss.hadc1     0x200000d4       0x48 ./Core/Src/main.o
                0x200000d4                hadc1
 .bss.hi2c1     0x2000011c       0x54 ./Core/Src/main.o
                0x2000011c                hi2c1
 .bss.huart1    0x20000170       0x48 ./Core/Src/main.o
                0x20000170                huart1
 .bss.__sbrk_heap_end
                0x200001b8        0x4 ./Core/Src/sysmem.o
 .bss.uwTick    0x200001bc        0x4 ./Drivers/STM32F4xx_HAL_Driver/Src/stm32f4xx_hal.o
                0x200001bc                uwTick
 .bss.g_dfp     0x200001c0       0x10 ./Source/BSP/bsp_audio.o
 .bss.g_is_playing
                0x200001d0        0x1 ./Source/BSP/bsp_audio.o
 .bss.g_source  0x200001d1        0x1 ./Source/BSP/bsp_audio.o
 *fill*         0x200001d2        0x2 
 .bss.g_busy_tick
                0x200001d4        0x4 ./Source/BSP/bsp_audio.o
 .bss.g_dfp_cmd_tick
                0x200001d8        0x4 ./Source/BSP/bsp_audio.o
 .bss.g_hadc    0x200001dc        0x4 ./Source/BSP/bsp_battery.o
 .bss.g_battery_voltage
                0x200001e0        0x4 ./Source/BSP/bsp_battery.o
 .bss.g_battery_percent
                0x200001e4        0x1 ./Source/BSP/bsp_battery.o
 *fill*         0x200001e5        0x3 
 .bss.g_last_update_ms
                0x200001e8        0x4 ./Source/BSP/bsp_battery.o
 .bss.g_evt_q   0x200001ec       0x10 ./Source/BSP/bsp_button.o
 .bss.g_evt_q_head
                0x200001fc        0x1 ./Source/BSP/bsp_button.o
 .bss.g_evt_q_tail
                0x200001fd        0x1 ./Source/BSP/bsp_button.o
 .bss.g_dbg_last_exti_pin
                0x200001fe        0x2 ./Source/BSP/bsp_button.o
 .bss.g_dbg_exti_count
                0x20000200       0x40 ./Source/BSP/bsp_button.o
 .bss.g_wave_frame
                0x20000240        0x1 ./Source/BSP/bsp_display.o
 *fill*         0x20000241        0x3 
 .bss.g_wave_anim_tick
                0x20000244        0x4 ./Source/BSP/bsp_display.o
 .bss.g_cache_valid
                0x20000248        0x1 ./Source/BSP/bsp_display.o
 .bss.g_cache_source
                0x20000249        0x1 ./Source/BSP/bsp_display.o
 .bss.g_cache_is_playing
                0x2000024a        0x1 ./Source/BSP/bsp_display.o
 .bss.g_cache_volume
                0x2000024b        0x1 ./Source/BSP/bsp_display.o
 .bss.SSD1306_Buffer
                0x2000024c      0x400 ./Source/Peripherals/ssd1306.o
 .bss.SSD1306   0x2000064c        0x6 ./Source/Peripherals/ssd1306.o
 *fill*         0x20000652        0x2 
 .bss.__sf      0x20000654      0x138 E:/ASUS/STM32CubeIDE_1.13.2/STM32CubeIDE/plugins/com.st.stm32cube.ide.mcu.externaltools.gnu-tools-for-stm32.14.3.rel1.win32_1.0.100.202602081740/tools/bin/../lib/gcc/arm-none-eabi/14.3.1/../../../../arm-none-eabi/lib/thumb/v7e-m+fp/hard\libc_nano.a(libc_a-findfp.o)
                0x20000654                __sf
 .bss.errno     0x2000078c        0x4 E:/ASUS/STM32CubeIDE_1.13.2/STM32CubeIDE/plugins/com.st.stm32cube.ide.mcu.externaltools.gnu-tools-for-stm32.14.3.rel1.win32_1.0.100.202602081740/tools/bin/../lib/gcc/arm-none-eabi/14.3.1/../../../../arm-none-eabi/lib/thumb/v7e-m+fp/hard\libc_nano.a(libc_a-reent.o)
                0x2000078c                errno
 .bss.__lock___malloc_recursive_mutex
                0x20000790        0x1 E:/ASUS/STM32CubeIDE_1.13.2/STM32CubeIDE/plugins/com.st.stm32cube.ide.mcu.externaltools.gnu-tools-for-stm32.14.3.rel1.win32_1.0.100.202602081740/tools/bin/../lib/gcc/arm-none-eabi/14.3.1/../../../../arm-none-eabi/lib/thumb/v7e-m+fp/hard\libc_nano.a(libc_a-lock.o)
                0x20000790                __lock___malloc_recursive_mutex
 *fill*         0x20000791        0x3 
 .bss.__malloc_sbrk_start
                0x20000794        0x4 E:/ASUS/STM32CubeIDE_1.13.2/STM32CubeIDE/plugins/com.st.stm32cube.ide.mcu.externaltools.gnu-tools-for-stm32.14.3.rel1.win32_1.0.100.202602081740/tools/bin/../lib/gcc/arm-none-eabi/14.3.1/../../../../arm-none-eabi/lib/thumb/v7e-m+fp/hard\libc_nano.a(libc_a-mallocr.o)
                0x20000794                __malloc_sbrk_start
 .bss.__malloc_free_list
                0x20000798        0x4 E:/ASUS/STM32CubeIDE_1.13.2/STM32CubeIDE/plugins/com.st.stm32cube.ide.mcu.externaltools.gnu-tools-for-stm32.14.3.rel1.win32_1.0.100.202602081740/tools/bin/../lib/gcc/arm-none-eabi/14.3.1/../../../../arm-none-eabi/lib/thumb/v7e-m+fp/hard\libc_nano.a(libc_a-mallocr.o)
                0x20000798                __malloc_free_list
 *(COMMON)
                0x2000079c                        . = ALIGN (0x4)
                0x2000079c                        _ebss = .
                0x2000079c                        __bss_end__ = _ebss

._user_heap_stack
                0x2000079c      0x604 load address 0x08009770
                0x200007a0                        . = ALIGN (0x8)
 *fill*         0x2000079c        0x4 
                [!provide]                        PROVIDE (end = .)
                0x200007a0                        PROVIDE (_end = .)
                0x200009a0                        . = (. + _Min_Heap_Size)
 *fill*         0x200007a0      0x200 
                0x20000da0                        . = (. + _Min_Stack_Size)
 *fill*         0x200009a0      0x400 
                0x20000da0                        . = ALIGN (0x8)

/DISCARD/
 libc.a(*)
 libm.a(*)
 libgcc.a(*)

.ARM.attributes
                0x00000000       0x30
 *(.ARM.attributes)
 .ARM.attributes
                0x00000000       0x22 E:/ASUS/STM32CubeIDE_1.13.2/STM32CubeIDE/plugins/com.st.stm32cube.ide.mcu.externaltools.gnu-tools-for-stm32.14.3.rel1.win32_1.0.100.202602081740/tools/bin/../lib/gcc/arm-none-eabi/14.3.1/thumb/v7e-m+fp/hard/crti.o
 .ARM.attributes
                0x00000022       0x34 E:/ASUS/STM32CubeIDE_1.13.2/STM32CubeIDE/plugins/com.st.stm32cube.ide.mcu.externaltools.gnu-tools-for-stm32.14.3.rel1.win32_1.0.100.202602081740/tools/bin/../lib/gcc/arm-none-eabi/14.3.1/thumb/v7e-m+fp/hard/crtbegin.o
 .ARM.attributes
                0x00000056       0x34 ./Core/Src/main.o
 .ARM.attributes
                0x0000008a       0x34 ./Core/Src/stm32f4xx_hal_msp.o
 .ARM.attributes
                0x000000be       0x34 ./Core/Src/stm32f4xx_it.o
 .ARM.attributes
                0x000000f2       0x34 ./Core/Src/sysmem.o
 .ARM.attributes
                0x00000126       0x34 ./Core/Src/system_stm32f4xx.o
 .ARM.attributes
                0x0000015a       0x21 ./Core/Startup/startup_stm32f411ceux.o
 .ARM.attributes
                0x0000017b       0x34 ./Drivers/STM32F4xx_HAL_Driver/Src/stm32f4xx_hal.o
 .ARM.attributes
                0x000001af       0x34 ./Drivers/STM32F4xx_HAL_Driver/Src/stm32f4xx_hal_adc.o
 .ARM.attributes
                0x000001e3       0x34 ./Drivers/STM32F4xx_HAL_Driver/Src/stm32f4xx_hal_cortex.o
 .ARM.attributes
                0x00000217       0x34 ./Drivers/STM32F4xx_HAL_Driver/Src/stm32f4xx_hal_gpio.o
 .ARM.attributes
                0x0000024b       0x34 ./Drivers/STM32F4xx_HAL_Driver/Src/stm32f4xx_hal_i2c.o
 .ARM.attributes
                0x0000027f       0x34 ./Drivers/STM32F4xx_HAL_Driver/Src/stm32f4xx_hal_rcc.o
 .ARM.attributes
                0x000002b3       0x34 ./Drivers/STM32F4xx_HAL_Driver/Src/stm32f4xx_hal_uart.o
 .ARM.attributes
                0x000002e7       0x34 ./Source/App/app_main.o
 .ARM.attributes
                0x0000031b       0x34 ./Source/BSP/bsp_audio.o
 .ARM.attributes
                0x0000034f       0x34 ./Source/BSP/bsp_battery.o
 .ARM.attributes
                0x00000383       0x34 ./Source/BSP/bsp_button.o
 .ARM.attributes
                0x000003b7       0x34 ./Source/BSP/bsp_display.o
 .ARM.attributes
                0x000003eb       0x34 ./Source/Peripherals/DFPLAYER.o
 .ARM.attributes
                0x0000041f       0x34 ./Source/Peripherals/ssd1306.o
 .ARM.attributes
                0x00000453       0x34 ./Source/Peripherals/ssd1306_fonts.o
 .ARM.attributes
                0x00000487       0x34 ./Source/Peripherals/ui_assets.o
 .ARM.attributes
                0x000004bb       0x34 E:/ASUS/STM32CubeIDE_1.13.2/STM32CubeIDE/plugins/com.st.stm32cube.ide.mcu.externaltools.gnu-tools-for-stm32.14.3.rel1.win32_1.0.100.202602081740/tools/bin/../lib/gcc/arm-none-eabi/14.3.1/../../../../arm-none-eabi/lib/thumb/v7e-m+fp/hard\libc_nano.a(libc_a-findfp.o)
 .ARM.attributes
                0x000004ef       0x34 E:/ASUS/STM32CubeIDE_1.13.2/STM32CubeIDE/plugins/com.st.stm32cube.ide.mcu.externaltools.gnu-tools-for-stm32.14.3.rel1.win32_1.0.100.202602081740/tools/bin/../lib/gcc/arm-none-eabi/14.3.1/../../../../arm-none-eabi/lib/thumb/v7e-m+fp/hard\libc_nano.a(libc_a-snprintf.o)
 .ARM.attributes
                0x00000523       0x34 E:/ASUS/STM32CubeIDE_1.13.2/STM32CubeIDE/plugins/com.st.stm32cube.ide.mcu.externaltools.gnu-tools-for-stm32.14.3.rel1.win32_1.0.100.202602081740/tools/bin/../lib/gcc/arm-none-eabi/14.3.1/../../../../arm-none-eabi/lib/thumb/v7e-m+fp/hard\libc_nano.a(libc_a-memset.o)
 .ARM.attributes
                0x00000557       0x34 E:/ASUS/STM32CubeIDE_1.13.2/STM32CubeIDE/plugins/com.st.stm32cube.ide.mcu.externaltools.gnu-tools-for-stm32.14.3.rel1.win32_1.0.100.202602081740/tools/bin/../lib/gcc/arm-none-eabi/14.3.1/../../../../arm-none-eabi/lib/thumb/v7e-m+fp/hard\libc_nano.a(libc_a-reent.o)
 .ARM.attributes
                0x0000058b       0x34 E:/ASUS/STM32CubeIDE_1.13.2/STM32CubeIDE/plugins/com.st.stm32cube.ide.mcu.externaltools.gnu-tools-for-stm32.14.3.rel1.win32_1.0.100.202602081740/tools/bin/../lib/gcc/arm-none-eabi/14.3.1/../../../../arm-none-eabi/lib/thumb/v7e-m+fp/hard\libc_nano.a(libc_a-impure.o)
 .ARM.attributes
                0x000005bf       0x34 E:/ASUS/STM32CubeIDE_1.13.2/STM32CubeIDE/plugins/com.st.stm32cube.ide.mcu.externaltools.gnu-tools-for-stm32.14.3.rel1.win32_1.0.100.202602081740/tools/bin/../lib/gcc/arm-none-eabi/14.3.1/../../../../arm-none-eabi/lib/thumb/v7e-m+fp/hard\libc_nano.a(libc_a-errno.o)
 .ARM.attributes
                0x000005f3       0x34 E:/ASUS/STM32CubeIDE_1.13.2/STM32CubeIDE/plugins/com.st.stm32cube.ide.mcu.externaltools.gnu-tools-for-stm32.14.3.rel1.win32_1.0.100.202602081740/tools/bin/../lib/gcc/arm-none-eabi/14.3.1/../../../../arm-none-eabi/lib/thumb/v7e-m+fp/hard\libc_nano.a(libc_a-init.o)
 .ARM.attributes
                0x00000627       0x34 E:/ASUS/STM32CubeIDE_1.13.2/STM32CubeIDE/plugins/com.st.stm32cube.ide.mcu.externaltools.gnu-tools-for-stm32.14.3.rel1.win32_1.0.100.202602081740/tools/bin/../lib/gcc/arm-none-eabi/14.3.1/../../../../arm-none-eabi/lib/thumb/v7e-m+fp/hard\libc_nano.a(libc_a-lock.o)
 .ARM.attributes
                0x0000065b       0x34 E:/ASUS/STM32CubeIDE_1.13.2/STM32CubeIDE/plugins/com.st.stm32cube.ide.mcu.externaltools.gnu-tools-for-stm32.14.3.rel1.win32_1.0.100.202602081740/tools/bin/../lib/gcc/arm-none-eabi/14.3.1/../../../../arm-none-eabi/lib/thumb/v7e-m+fp/hard\libc_nano.a(libc_a-memcpy-stub.o)
 .ARM.attributes
                0x0000068f       0x34 E:/ASUS/STM32CubeIDE_1.13.2/STM32CubeIDE/plugins/com.st.stm32cube.ide.mcu.externaltools.gnu-tools-for-stm32.14.3.rel1.win32_1.0.100.202602081740/tools/bin/../lib/gcc/arm-none-eabi/14.3.1/../../../../arm-none-eabi/lib/thumb/v7e-m+fp/hard\libc_nano.a(libc_a-freer.o)
 .ARM.attributes
                0x000006c3       0x34 E:/ASUS/STM32CubeIDE_1.13.2/STM32CubeIDE/plugins/com.st.stm32cube.ide.mcu.externaltools.gnu-tools-for-stm32.14.3.rel1.win32_1.0.100.202602081740/tools/bin/../lib/gcc/arm-none-eabi/14.3.1/../../../../arm-none-eabi/lib/thumb/v7e-m+fp/hard\libc_nano.a(libc_a-mallocr.o)
 .ARM.attributes
                0x000006f7       0x34 E:/ASUS/STM32CubeIDE_1.13.2/STM32CubeIDE/plugins/com.st.stm32cube.ide.mcu.externaltools.gnu-tools-for-stm32.14.3.rel1.win32_1.0.100.202602081740/tools/bin/../lib/gcc/arm-none-eabi/14.3.1/../../../../arm-none-eabi/lib/thumb/v7e-m+fp/hard\libc_nano.a(libc_a-mlock.o)
 .ARM.attributes
                0x0000072b       0x34 E:/ASUS/STM32CubeIDE_1.13.2/STM32CubeIDE/plugins/com.st.stm32cube.ide.mcu.externaltools.gnu-tools-for-stm32.14.3.rel1.win32_1.0.100.202602081740/tools/bin/../lib/gcc/arm-none-eabi/14.3.1/../../../../arm-none-eabi/lib/thumb/v7e-m+fp/hard\libc_nano.a(libc_a-nano-svfprintf.o)
 .ARM.attributes
                0x0000075f       0x34 E:/ASUS/STM32CubeIDE_1.13.2/STM32CubeIDE/plugins/com.st.stm32cube.ide.mcu.externaltools.gnu-tools-for-stm32.14.3.rel1.win32_1.0.100.202602081740/tools/bin/../lib/gcc/arm-none-eabi/14.3.1/../../../../arm-none-eabi/lib/thumb/v7e-m+fp/hard\libc_nano.a(libc_a-nano-vfprintf_i.o)
 .ARM.attributes
                0x00000793       0x34 E:/ASUS/STM32CubeIDE_1.13.2/STM32CubeIDE/plugins/com.st.stm32cube.ide.mcu.externaltools.gnu-tools-for-stm32.14.3.rel1.win32_1.0.100.202602081740/tools/bin/../lib/gcc/arm-none-eabi/14.3.1/../../../../arm-none-eabi/lib/thumb/v7e-m+fp/hard\libc_nano.a(libc_a-memmove.o)
 .ARM.attributes
                0x000007c7       0x34 E:/ASUS/STM32CubeIDE_1.13.2/STM32CubeIDE/plugins/com.st.stm32cube.ide.mcu.externaltools.gnu-tools-for-stm32.14.3.rel1.win32_1.0.100.202602081740/tools/bin/../lib/gcc/arm-none-eabi/14.3.1/../../../../arm-none-eabi/lib/thumb/v7e-m+fp/hard\libc_nano.a(libc_a-sbrkr.o)
 .ARM.attributes
                0x000007fb       0x1c E:/ASUS/STM32CubeIDE_1.13.2/STM32CubeIDE/plugins/com.st.stm32cube.ide.mcu.externaltools.gnu-tools-for-stm32.14.3.rel1.win32_1.0.100.202602081740/tools/bin/../lib/gcc/arm-none-eabi/14.3.1/../../../../arm-none-eabi/lib/thumb/v7e-m+fp/hard\libc_nano.a(libc_a-memchr.o)
 .ARM.attributes
                0x00000817       0x34 E:/ASUS/STM32CubeIDE_1.13.2/STM32CubeIDE/plugins/com.st.stm32cube.ide.mcu.externaltools.gnu-tools-for-stm32.14.3.rel1.win32_1.0.100.202602081740/tools/bin/../lib/gcc/arm-none-eabi/14.3.1/../../../../arm-none-eabi/lib/thumb/v7e-m+fp/hard\libc_nano.a(libc_a-reallocr.o)
 .ARM.attributes
                0x0000084b       0x34 E:/ASUS/STM32CubeIDE_1.13.2/STM32CubeIDE/plugins/com.st.stm32cube.ide.mcu.externaltools.gnu-tools-for-stm32.14.3.rel1.win32_1.0.100.202602081740/tools/bin/../lib/gcc/arm-none-eabi/14.3.1/../../../../arm-none-eabi/lib/thumb/v7e-m+fp/hard\libc_nano.a(libc_a-msizer.o)
 .ARM.attributes
                0x0000087f       0x22 E:/ASUS/STM32CubeIDE_1.13.2/STM32CubeIDE/plugins/com.st.stm32cube.ide.mcu.externaltools.gnu-tools-for-stm32.14.3.rel1.win32_1.0.100.202602081740/tools/bin/../lib/gcc/arm-none-eabi/14.3.1/thumb/v7e-m+fp/hard\libgcc.a(_aeabi_uldivmod.o)
 .ARM.attributes
                0x000008a1       0x34 E:/ASUS/STM32CubeIDE_1.13.2/STM32CubeIDE/plugins/com.st.stm32cube.ide.mcu.externaltools.gnu-tools-for-stm32.14.3.rel1.win32_1.0.100.202602081740/tools/bin/../lib/gcc/arm-none-eabi/14.3.1/thumb/v7e-m+fp/hard\libgcc.a(_udivmoddi4.o)
 .ARM.attributes
                0x000008d5       0x22 E:/ASUS/STM32CubeIDE_1.13.2/STM32CubeIDE/plugins/com.st.stm32cube.ide.mcu.externaltools.gnu-tools-for-stm32.14.3.rel1.win32_1.0.100.202602081740/tools/bin/../lib/gcc/arm-none-eabi/14.3.1/thumb/v7e-m+fp/hard\libgcc.a(_dvmd_tls.o)
 .ARM.attributes
                0x000008f7       0x22 E:/ASUS/STM32CubeIDE_1.13.2/STM32CubeIDE/plugins/com.st.stm32cube.ide.mcu.externaltools.gnu-tools-for-stm32.14.3.rel1.win32_1.0.100.202602081740/tools/bin/../lib/gcc/arm-none-eabi/14.3.1/thumb/v7e-m+fp/hard/crtn.o
OUTPUT(api_1.elf elf32-littlearm)
LOAD linker stubs
LOAD E:/ASUS/STM32CubeIDE_1.13.2/STM32CubeIDE/plugins/com.st.stm32cube.ide.mcu.externaltools.gnu-tools-for-stm32.14.3.rel1.win32_1.0.100.202602081740/tools/bin/../lib/gcc/arm-none-eabi/14.3.1/../../../../arm-none-eabi/lib/thumb/v7e-m+fp/hard\libc.a
LOAD E:/ASUS/STM32CubeIDE_1.13.2/STM32CubeIDE/plugins/com.st.stm32cube.ide.mcu.externaltools.gnu-tools-for-stm32.14.3.rel1.win32_1.0.100.202602081740/tools/bin/../lib/gcc/arm-none-eabi/14.3.1/../../../../arm-none-eabi/lib/thumb/v7e-m+fp/hard\libm.a
LOAD E:/ASUS/STM32CubeIDE_1.13.2/STM32CubeIDE/plugins/com.st.stm32cube.ide.mcu.externaltools.gnu-tools-for-stm32.14.3.rel1.win32_1.0.100.202602081740/tools/bin/../lib/gcc/arm-none-eabi/14.3.1/thumb/v7e-m+fp/hard\libgcc.a

.debug_info     0x00000000     0xfa92
 .debug_info    0x00000000     0x1370 ./Core/Src/main.o
 .debug_info    0x00001370      0xf28 ./Core/Src/stm32f4xx_hal_msp.o
 .debug_info    0x00002298      0x17a ./Core/Src/stm32f4xx_it.o
 .debug_info    0x00002412      0x168 ./Core/Src/sysmem.o
 .debug_info    0x0000257a      0x53e ./Core/Src/system_stm32f4xx.o
 .debug_info    0x00002ab8       0x30 ./Core/Startup/startup_stm32f411ceux.o
 .debug_info    0x00002ae8      0x8c4 ./Drivers/STM32F4xx_HAL_Driver/Src/stm32f4xx_hal.o
 .debug_info    0x000033ac      0xce0 ./Drivers/STM32F4xx_HAL_Driver/Src/stm32f4xx_hal_adc.o
 .debug_info    0x0000408c      0xcfc ./Drivers/STM32F4xx_HAL_Driver/Src/stm32f4xx_hal_cortex.o
 .debug_info    0x00004d88      0x6f9 ./Drivers/STM32F4xx_HAL_Driver/Src/stm32f4xx_hal_gpio.o
 .debug_info    0x00005481     0x2426 ./Drivers/STM32F4xx_HAL_Driver/Src/stm32f4xx_hal_i2c.o
 .debug_info    0x000078a7      0x904 ./Drivers/STM32F4xx_HAL_Driver/Src/stm32f4xx_hal_rcc.o
 .debug_info    0x000081ab     0x2f56 ./Drivers/STM32F4xx_HAL_Driver/Src/stm32f4xx_hal_uart.o
 .debug_info    0x0000b101      0x94f ./Source/App/app_main.o
 .debug_info    0x0000ba50      0xa70 ./Source/BSP/bsp_audio.o
 .debug_info    0x0000c4c0      0x7be ./Source/BSP/bsp_battery.o
 .debug_info    0x0000cc7e      0x43f ./Source/BSP/bsp_button.o
 .debug_info    0x0000d0bd      0x628 ./Source/BSP/bsp_display.o
 .debug_info    0x0000d6e5      0xb80 ./Source/Peripherals/DFPLAYER.o
 .debug_info    0x0000e265     0x133e ./Source/Peripherals/ssd1306.o
 .debug_info    0x0000f5a3      0x2a4 ./Source/Peripherals/ssd1306_fonts.o
 .debug_info    0x0000f847      0x24b ./Source/Peripherals/ui_assets.o

.debug_abbrev   0x00000000     0x2a35
 .debug_abbrev  0x00000000      0x2a5 ./Core/Src/main.o
 .debug_abbrev  0x000002a5      0x1ac ./Core/Src/stm32f4xx_hal_msp.o
 .debug_abbrev  0x00000451       0xa0 ./Core/Src/stm32f4xx_it.o
 .debug_abbrev  0x000004f1       0xbc ./Core/Src/sysmem.o
 .debug_abbrev  0x000005ad      0x11a ./Core/Src/system_stm32f4xx.o
 .debug_abbrev  0x000006c7       0x24 ./Core/Startup/startup_stm32f411ceux.o
 .debug_abbrev  0x000006eb      0x24b ./Drivers/STM32F4xx_HAL_Driver/Src/stm32f4xx_hal.o
 .debug_abbrev  0x00000936      0x20e ./Drivers/STM32F4xx_HAL_Driver/Src/stm32f4xx_hal_adc.o
 .debug_abbrev  0x00000b44      0x31d ./Drivers/STM32F4xx_HAL_Driver/Src/stm32f4xx_hal_cortex.o
 .debug_abbrev  0x00000e61      0x1d3 ./Drivers/STM32F4xx_HAL_Driver/Src/stm32f4xx_hal_gpio.o
 .debug_abbrev  0x00001034      0x2bc ./Drivers/STM32F4xx_HAL_Driver/Src/stm32f4xx_hal_i2c.o
 .debug_abbrev  0x000012f0      0x2b6 ./Drivers/STM32F4xx_HAL_Driver/Src/stm32f4xx_hal_rcc.o
 .debug_abbrev  0x000015a6      0x31b ./Drivers/STM32F4xx_HAL_Driver/Src/stm32f4xx_hal_uart.o
 .debug_abbrev  0x000018c1      0x1d2 ./Source/App/app_main.o
 .debug_abbrev  0x00001a93      0x25d ./Source/BSP/bsp_audio.o
 .debug_abbrev  0x00001cf0      0x1c2 ./Source/BSP/bsp_battery.o
 .debug_abbrev  0x00001eb2      0x21b ./Source/BSP/bsp_button.o
 .debug_abbrev  0x000020cd      0x1fc ./Source/BSP/bsp_display.o
 .debug_abbrev  0x000022c9      0x296 ./Source/Peripherals/DFPLAYER.o
 .debug_abbrev  0x0000255f      0x351 ./Source/Peripherals/ssd1306.o
 .debug_abbrev  0x000028b0       0xcf ./Source/Peripherals/ssd1306_fonts.o
 .debug_abbrev  0x0000297f       0xb6 ./Source/Peripherals/ui_assets.o

.debug_aranges  0x00000000      0xe18
 .debug_aranges
                0x00000000       0x50 ./Core/Src/main.o
 .debug_aranges
                0x00000050       0x50 ./Core/Src/stm32f4xx_hal_msp.o
 .debug_aranges
                0x000000a0       0x80 ./Core/Src/stm32f4xx_it.o
 .debug_aranges
                0x00000120       0x20 ./Core/Src/sysmem.o
 .debug_aranges
                0x00000140       0x28 ./Core/Src/system_stm32f4xx.o
 .debug_aranges
                0x00000168       0x28 ./Core/Startup/startup_stm32f411ceux.o
 .debug_aranges
                0x00000190       0xf0 ./Drivers/STM32F4xx_HAL_Driver/Src/stm32f4xx_hal.o
 .debug_aranges
                0x00000280       0xe8 ./Drivers/STM32F4xx_HAL_Driver/Src/stm32f4xx_hal_adc.o
 .debug_aranges
                0x00000368      0x130 ./Drivers/STM32F4xx_HAL_Driver/Src/stm32f4xx_hal_cortex.o
 .debug_aranges
                0x00000498       0x58 ./Drivers/STM32F4xx_HAL_Driver/Src/stm32f4xx_hal_gpio.o
 .debug_aranges
                0x000004f0      0x2a8 ./Drivers/STM32F4xx_HAL_Driver/Src/stm32f4xx_hal_i2c.o
 .debug_aranges
                0x00000798       0x88 ./Drivers/STM32F4xx_HAL_Driver/Src/stm32f4xx_hal_rcc.o
 .debug_aranges
                0x00000820      0x208 ./Drivers/STM32F4xx_HAL_Driver/Src/stm32f4xx_hal_uart.o
 .debug_aranges
                0x00000a28       0x30 ./Source/App/app_main.o
 .debug_aranges
                0x00000a58       0xb0 ./Source/BSP/bsp_audio.o
 .debug_aranges
                0x00000b08       0x50 ./Source/BSP/bsp_battery.o
 .debug_aranges
                0x00000b58       0x50 ./Source/BSP/bsp_button.o
 .debug_aranges
                0x00000ba8       0x88 ./Source/BSP/bsp_display.o
 .debug_aranges
                0x00000c30       0xc8 ./Source/Peripherals/DFPLAYER.o
 .debug_aranges
                0x00000cf8       0xf0 ./Source/Peripherals/ssd1306.o
 .debug_aranges
                0x00000de8       0x18 ./Source/Peripherals/ssd1306_fonts.o
 .debug_aranges
                0x00000e00       0x18 ./Source/Peripherals/ui_assets.o

.debug_rnglists
                0x00000000      0xac8
 .debug_rnglists
                0x00000000       0x3a ./Core/Src/main.o
 .debug_rnglists
                0x0000003a       0x3a ./Core/Src/stm32f4xx_hal_msp.o
 .debug_rnglists
                0x00000074       0x5b ./Core/Src/stm32f4xx_it.o
 .debug_rnglists
                0x000000cf       0x13 ./Core/Src/sysmem.o
 .debug_rnglists
                0x000000e2       0x1a ./Core/Src/system_stm32f4xx.o
 .debug_rnglists
                0x000000fc       0x19 ./Core/Startup/startup_stm32f411ceux.o
 .debug_rnglists
                0x00000115       0xaf ./Drivers/STM32F4xx_HAL_Driver/Src/stm32f4xx_hal.o
 .debug_rnglists
                0x000001c4       0xb5 ./Drivers/STM32F4xx_HAL_Driver/Src/stm32f4xx_hal_adc.o
 .debug_rnglists
                0x00000279       0xe0 ./Drivers/STM32F4xx_HAL_Driver/Src/stm32f4xx_hal_cortex.o
 .debug_rnglists
                0x00000359       0x3f ./Drivers/STM32F4xx_HAL_Driver/Src/stm32f4xx_hal_gpio.o
 .debug_rnglists
                0x00000398      0x23c ./Drivers/STM32F4xx_HAL_Driver/Src/stm32f4xx_hal_i2c.o
 .debug_rnglists
                0x000005d4       0x66 ./Drivers/STM32F4xx_HAL_Driver/Src/stm32f4xx_hal_rcc.o
 .debug_rnglists
                0x0000063a      0x1bc ./Drivers/STM32F4xx_HAL_Driver/Src/stm32f4xx_hal_uart.o
 .debug_rnglists
                0x000007f6       0x20 ./Source/App/app_main.o
 .debug_rnglists
                0x00000816       0x83 ./Source/BSP/bsp_audio.o
 .debug_rnglists
                0x00000899       0x3a ./Source/BSP/bsp_battery.o
 .debug_rnglists
                0x000008d3       0x39 ./Source/BSP/bsp_button.o
 .debug_rnglists
                0x0000090c       0x63 ./Source/BSP/bsp_display.o
 .debug_rnglists
                0x0000096f       0x9e ./Source/Peripherals/DFPLAYER.o
 .debug_rnglists
                0x00000a0d       0xbb ./Source/Peripherals/ssd1306.o

.debug_macro    0x00000000    0x17d81
 .debug_macro   0x00000000      0x20f ./Core/Src/main.o
 .debug_macro   0x0000020f      0xad8 ./Core/Src/main.o
 .debug_macro   0x00000ce7      0x2a1 ./Core/Src/main.o
 .debug_macro   0x00000f88       0x2e ./Core/Src/main.o
 .debug_macro   0x00000fb6       0x28 ./Core/Src/main.o
 .debug_macro   0x00000fde       0x22 ./Core/Src/main.o
 .debug_macro   0x00001000       0x8e ./Core/Src/main.o
 .debug_macro   0x0000108e       0x51 ./Core/Src/main.o
 .debug_macro   0x000010df      0x103 ./Core/Src/main.o
 .debug_macro   0x000011e2       0x6a ./Core/Src/main.o
 .debug_macro   0x0000124c      0x1df ./Core/Src/main.o
 .debug_macro   0x0000142b       0x1c ./Core/Src/main.o
 .debug_macro   0x00001447       0x22 ./Core/Src/main.o
 .debug_macro   0x00001469       0xfb ./Core/Src/main.o
 .debug_macro   0x00001564     0x1011 ./Core/Src/main.o
 .debug_macro   0x00002575      0x11f ./Core/Src/main.o
 .debug_macro   0x00002694     0xb968 ./Core/Src/main.o
 .debug_macro   0x0000dffc       0x6d ./Core/Src/main.o
 .debug_macro   0x0000e069     0x3693 ./Core/Src/main.o
 .debug_macro   0x000116fc      0x190 ./Core/Src/main.o
 .debug_macro   0x0001188c       0x5c ./Core/Src/main.o
 .debug_macro   0x000118e8      0x45c ./Core/Src/main.o
 .debug_macro   0x00011d44      0x9e9 ./Core/Src/main.o
 .debug_macro   0x0001272d      0x115 ./Core/Src/main.o
 .debug_macro   0x00012842      0x11b ./Core/Src/main.o
 .debug_macro   0x0001295d       0xa5 ./Core/Src/main.o
 .debug_macro   0x00012a02      0x15f ./Core/Src/main.o
 .debug_macro   0x00012b61      0x287 ./Core/Src/main.o
 .debug_macro   0x00012de8       0x5f ./Core/Src/main.o
 .debug_macro   0x00012e47      0x236 ./Core/Src/main.o
 .debug_macro   0x0001307d      0x9e1 ./Core/Src/main.o
 .debug_macro   0x00013a5e      0x38b ./Core/Src/main.o
 .debug_macro   0x00013de9      0x17d ./Core/Src/main.o
 .debug_macro   0x00013f66       0xf9 ./Core/Src/main.o
 .debug_macro   0x0001405f      0x132 ./Core/Src/main.o
 .debug_macro   0x00014191      0x264 ./Core/Src/main.o
 .debug_macro   0x000143f5       0x2e ./Core/Src/main.o
 .debug_macro   0x00014423      0x1b5 ./Core/Src/main.o
 .debug_macro   0x000145d8       0x22 ./Core/Src/main.o
 .debug_macro   0x000145fa       0xd6 ./Core/Src/main.o
 .debug_macro   0x000146d0      0x127 ./Core/Src/main.o
 .debug_macro   0x000147f7       0x85 ./Core/Src/main.o
 .debug_macro   0x0001487c       0x89 ./Core/Src/main.o
 .debug_macro   0x00014905      0x2aa ./Core/Src/main.o
 .debug_macro   0x00014baf      0x126 ./Core/Src/main.o
 .debug_macro   0x00014cd5      0x205 ./Core/Src/stm32f4xx_hal_msp.o
 .debug_macro   0x00014eda      0x20f ./Core/Src/stm32f4xx_it.o
 .debug_macro   0x000150e9      0x112 ./Core/Src/sysmem.o
 .debug_macro   0x000151fb      0x23c ./Core/Src/sysmem.o
 .debug_macro   0x00015437      0x1fb ./Core/Src/system_stm32f4xx.o
 .debug_macro   0x00015632      0x25b ./Drivers/STM32F4xx_HAL_Driver/Src/stm32f4xx_hal.o
 .debug_macro   0x0001588d      0x1fc ./Drivers/STM32F4xx_HAL_Driver/Src/stm32f4xx_hal_adc.o
 .debug_macro   0x00015a89      0x1fb ./Drivers/STM32F4xx_HAL_Driver/Src/stm32f4xx_hal_cortex.o
 .debug_macro   0x00015c84      0x201 ./Drivers/STM32F4xx_HAL_Driver/Src/stm32f4xx_hal_gpio.o
 .debug_macro   0x00015e85      0x249 ./Drivers/STM32F4xx_HAL_Driver/Src/stm32f4xx_hal_i2c.o
 .debug_macro   0x000160ce      0x21f ./Drivers/STM32F4xx_HAL_Driver/Src/stm32f4xx_hal_rcc.o
 .debug_macro   0x000162ed      0x1fc ./Drivers/STM32F4xx_HAL_Driver/Src/stm32f4xx_hal_uart.o
 .debug_macro   0x000164e9      0x237 ./Source/App/app_main.o
 .debug_macro   0x00016720      0x2c4 ./Source/BSP/bsp_audio.o
 .debug_macro   0x000169e4       0x52 ./Source/BSP/bsp_audio.o
 .debug_macro   0x00016a36      0x249 ./Source/BSP/bsp_battery.o
 .debug_macro   0x00016c7f      0x21f ./Source/BSP/bsp_button.o
 .debug_macro   0x00016e9e      0x37c ./Source/BSP/bsp_display.o
 .debug_macro   0x0001721a       0x10 ./Source/BSP/bsp_display.o
 .debug_macro   0x0001722a       0x61 ./Source/BSP/bsp_display.o
 .debug_macro   0x0001728b       0x4c ./Source/BSP/bsp_display.o
 .debug_macro   0x000172d7       0x4c ./Source/BSP/bsp_display.o
 .debug_macro   0x00017323       0x16 ./Source/BSP/bsp_display.o
 .debug_macro   0x00017339       0x16 ./Source/BSP/bsp_display.o
 .debug_macro   0x0001734f      0x20a ./Source/Peripherals/DFPLAYER.o
 .debug_macro   0x00017559       0x4c ./Source/Peripherals/DFPLAYER.o
 .debug_macro   0x000175a5      0x326 ./Source/Peripherals/ssd1306.o
 .debug_macro   0x000178cb       0x28 ./Source/Peripherals/ssd1306.o
 .debug_macro   0x000178f3      0x19b ./Source/Peripherals/ssd1306.o
 .debug_macro   0x00017a8e       0x16 ./Source/Peripherals/ssd1306.o
 .debug_macro   0x00017aa4       0x20 ./Source/Peripherals/ssd1306.o
 .debug_macro   0x00017ac4      0x251 ./Source/Peripherals/ssd1306_fonts.o
 .debug_macro   0x00017d15       0x6c ./Source/Peripherals/ui_assets.o

.debug_line     0x00000000    0x12bfc
 .debug_line    0x00000000      0x963 ./Core/Src/main.o
 .debug_line    0x00000963      0x87f ./Core/Src/stm32f4xx_hal_msp.o
 .debug_line    0x000011e2      0x8ae ./Core/Src/stm32f4xx_it.o
 .debug_line    0x00001a90      0x59c ./Core/Src/sysmem.o
 .debug_line    0x0000202c      0x813 ./Core/Src/system_stm32f4xx.o
 .debug_line    0x0000283f       0x7a ./Core/Startup/startup_stm32f411ceux.o
 .debug_line    0x000028b9      0xa92 ./Drivers/STM32F4xx_HAL_Driver/Src/stm32f4xx_hal.o
 .debug_line    0x0000334b     0x11e6 ./Drivers/STM32F4xx_HAL_Driver/Src/stm32f4xx_hal_adc.o
 .debug_line    0x00004531      0xd5f ./Drivers/STM32F4xx_HAL_Driver/Src/stm32f4xx_hal_cortex.o
 .debug_line    0x00005290      0xba8 ./Drivers/STM32F4xx_HAL_Driver/Src/stm32f4xx_hal_gpio.o
 .debug_line    0x00005e38     0x3b3c ./Drivers/STM32F4xx_HAL_Driver/Src/stm32f4xx_hal_i2c.o
 .debug_line    0x00009974      0xe9c ./Drivers/STM32F4xx_HAL_Driver/Src/stm32f4xx_hal_rcc.o
 .debug_line    0x0000a810     0x25d7 ./Drivers/STM32F4xx_HAL_Driver/Src/stm32f4xx_hal_uart.o
 .debug_line    0x0000cde7      0x869 ./Source/App/app_main.o
 .debug_line    0x0000d650      0xbf2 ./Source/BSP/bsp_audio.o
 .debug_line    0x0000e242      0x91c ./Source/BSP/bsp_battery.o
 .debug_line    0x0000eb5e      0x97f ./Source/BSP/bsp_button.o
 .debug_line    0x0000f4dd      0xc75 ./Source/BSP/bsp_display.o
 .debug_line    0x00010152      0xaae ./Source/Peripherals/DFPLAYER.o
 .debug_line    0x00010c00     0x12c3 ./Source/Peripherals/ssd1306.o
 .debug_line    0x00011ec3      0x919 ./Source/Peripherals/ssd1306_fonts.o
 .debug_line    0x000127dc      0x420 ./Source/Peripherals/ui_assets.o

.debug_str      0x00000000    0x961f1
 .debug_str     0x00000000    0x961f1 ./Core/Src/main.o
                              0x8e1f3 (size before relaxing)
 .debug_str     0x000961f1    0x8dbfd ./Core/Src/stm32f4xx_hal_msp.o
 .debug_str     0x000961f1    0x8d27f ./Core/Src/stm32f4xx_it.o
 .debug_str     0x000961f1     0x76eb ./Core/Src/sysmem.o
 .debug_str     0x000961f1    0x8d344 ./Core/Src/system_stm32f4xx.o
 .debug_str     0x000961f1       0x63 ./Core/Startup/startup_stm32f411ceux.o
 .debug_str     0x000961f1    0x8dd70 ./Drivers/STM32F4xx_HAL_Driver/Src/stm32f4xx_hal.o
 .debug_str     0x000961f1    0x8d91f ./Drivers/STM32F4xx_HAL_Driver/Src/stm32f4xx_hal_adc.o
 .debug_str     0x000961f1    0x8dada ./Drivers/STM32F4xx_HAL_Driver/Src/stm32f4xx_hal_cortex.o
 .debug_str     0x000961f1    0x8d4bf ./Drivers/STM32F4xx_HAL_Driver/Src/stm32f4xx_hal_gpio.o
 .debug_str     0x000961f1    0x8e355 ./Drivers/STM32F4xx_HAL_Driver/Src/stm32f4xx_hal_i2c.o
 .debug_str     0x000961f1    0x8d778 ./Drivers/STM32F4xx_HAL_Driver/Src/stm32f4xx_hal_rcc.o
 .debug_str     0x000961f1    0x8dd47 ./Drivers/STM32F4xx_HAL_Driver/Src/stm32f4xx_hal_uart.o
 .debug_str     0x000961f1    0x8d9db ./Source/App/app_main.o
 .debug_str     0x000961f1    0x8de6d ./Source/BSP/bsp_audio.o
 .debug_str     0x000961f1    0x8d7f6 ./Source/BSP/bsp_battery.o
 .debug_str     0x000961f1    0x8d442 ./Source/BSP/bsp_button.o
 .debug_str     0x000961f1    0x9115d ./Source/BSP/bsp_display.o
 .debug_str     0x000961f1    0x8d9bd ./Source/Peripherals/DFPLAYER.o
 .debug_str     0x000961f1    0x9186a ./Source/Peripherals/ssd1306.o
 .debug_str     0x000961f1    0x8d806 ./Source/Peripherals/ssd1306_fonts.o
 .debug_str     0x000961f1     0x3e74 ./Source/Peripherals/ui_assets.o

.comment        0x00000000       0x43
 .comment       0x00000000       0x43 ./Core/Src/main.o
                                 0x44 (size before relaxing)
 .comment       0x00000043       0x44 ./Core/Src/stm32f4xx_hal_msp.o
 .comment       0x00000043       0x44 ./Core/Src/stm32f4xx_it.o
 .comment       0x00000043       0x44 ./Core/Src/sysmem.o
 .comment       0x00000043       0x44 ./Core/Src/system_stm32f4xx.o
 .comment       0x00000043       0x44 ./Drivers/STM32F4xx_HAL_Driver/Src/stm32f4xx_hal.o
 .comment       0x00000043       0x44 ./Drivers/STM32F4xx_HAL_Driver/Src/stm32f4xx_hal_adc.o
 .comment       0x00000043       0x44 ./Drivers/STM32F4xx_HAL_Driver/Src/stm32f4xx_hal_cortex.o
 .comment       0x00000043       0x44 ./Drivers/STM32F4xx_HAL_Driver/Src/stm32f4xx_hal_gpio.o
 .comment       0x00000043       0x44 ./Drivers/STM32F4xx_HAL_Driver/Src/stm32f4xx_hal_i2c.o
 .comment       0x00000043       0x44 ./Drivers/STM32F4xx_HAL_Driver/Src/stm32f4xx_hal_rcc.o
 .comment       0x00000043       0x44 ./Drivers/STM32F4xx_HAL_Driver/Src/stm32f4xx_hal_uart.o
 .comment       0x00000043       0x44 ./Source/App/app_main.o
 .comment       0x00000043       0x44 ./Source/BSP/bsp_audio.o
 .comment       0x00000043       0x44 ./Source/BSP/bsp_battery.o
 .comment       0x00000043       0x44 ./Source/BSP/bsp_button.o
 .comment       0x00000043       0x44 ./Source/BSP/bsp_display.o
 .comment       0x00000043       0x44 ./Source/Peripherals/DFPLAYER.o
 .comment       0x00000043       0x44 ./Source/Peripherals/ssd1306.o
 .comment       0x00000043       0x44 ./Source/Peripherals/ssd1306_fonts.o
 .comment       0x00000043       0x44 ./Source/Peripherals/ui_assets.o

.debug_frame    0x00000000     0x3b7c
 .debug_frame   0x00000000       0xe8 ./Core/Src/main.o
 .debug_frame   0x000000e8      0x10c ./Core/Src/stm32f4xx_hal_msp.o
 .debug_frame   0x000001f4      0x168 ./Core/Src/stm32f4xx_it.o
 .debug_frame   0x0000035c       0x34 ./Core/Src/sysmem.o
 .debug_frame   0x00000390       0x50 ./Core/Src/system_stm32f4xx.o
 .debug_frame   0x000003e0      0x31c ./Drivers/STM32F4xx_HAL_Driver/Src/stm32f4xx_hal.o
 .debug_frame   0x000006fc      0x3bc ./Drivers/STM32F4xx_HAL_Driver/Src/stm32f4xx_hal_adc.o
 .debug_frame   0x00000ab8      0x4b8 ./Drivers/STM32F4xx_HAL_Driver/Src/stm32f4xx_hal_cortex.o
 .debug_frame   0x00000f70      0x130 ./Drivers/STM32F4xx_HAL_Driver/Src/stm32f4xx_hal_gpio.o
 .debug_frame   0x000010a0      0xbf4 ./Drivers/STM32F4xx_HAL_Driver/Src/stm32f4xx_hal_i2c.o
 .debug_frame   0x00001c94      0x1d8 ./Drivers/STM32F4xx_HAL_Driver/Src/stm32f4xx_hal_rcc.o
 .debug_frame   0x00001e6c      0x8ec ./Drivers/STM32F4xx_HAL_Driver/Src/stm32f4xx_hal_uart.o
 .debug_frame   0x00002758       0x7c ./Source/App/app_main.o
 .debug_frame   0x000027d4      0x25c ./Source/BSP/bsp_audio.o
 .debug_frame   0x00002a30       0xfc ./Source/BSP/bsp_battery.o
 .debug_frame   0x00002b2c      0x104 ./Source/BSP/bsp_button.o
 .debug_frame   0x00002c30      0x1f0 ./Source/BSP/bsp_display.o
 .debug_frame   0x00002e20      0x328 ./Source/Peripherals/DFPLAYER.o
 .debug_frame   0x00003148      0x3f4 ./Source/Peripherals/ssd1306.o
 .debug_frame   0x0000353c      0x144 E:/ASUS/STM32CubeIDE_1.13.2/STM32CubeIDE/plugins/com.st.stm32cube.ide.mcu.externaltools.gnu-tools-for-stm32.14.3.rel1.win32_1.0.100.202602081740/tools/bin/../lib/gcc/arm-none-eabi/14.3.1/../../../../arm-none-eabi/lib/thumb/v7e-m+fp/hard\libc_nano.a(libc_a-findfp.o)
 .debug_frame   0x00003680       0x7c E:/ASUS/STM32CubeIDE_1.13.2/STM32CubeIDE/plugins/com.st.stm32cube.ide.mcu.externaltools.gnu-tools-for-stm32.14.3.rel1.win32_1.0.100.202602081740/tools/bin/../lib/gcc/arm-none-eabi/14.3.1/../../../../arm-none-eabi/lib/thumb/v7e-m+fp/hard\libc_nano.a(libc_a-snprintf.o)
 .debug_frame   0x000036fc       0x20 E:/ASUS/STM32CubeIDE_1.13.2/STM32CubeIDE/plugins/com.st.stm32cube.ide.mcu.externaltools.gnu-tools-for-stm32.14.3.rel1.win32_1.0.100.202602081740/tools/bin/../lib/gcc/arm-none-eabi/14.3.1/../../../../arm-none-eabi/lib/thumb/v7e-m+fp/hard\libc_nano.a(libc_a-memset.o)
 .debug_frame   0x0000371c       0x38 E:/ASUS/STM32CubeIDE_1.13.2/STM32CubeIDE/plugins/com.st.stm32cube.ide.mcu.externaltools.gnu-tools-for-stm32.14.3.rel1.win32_1.0.100.202602081740/tools/bin/../lib/gcc/arm-none-eabi/14.3.1/../../../../arm-none-eabi/lib/thumb/v7e-m+fp/hard\libc_nano.a(libc_a-reent.o)
 .debug_frame   0x00003754       0x20 E:/ASUS/STM32CubeIDE_1.13.2/STM32CubeIDE/plugins/com.st.stm32cube.ide.mcu.externaltools.gnu-tools-for-stm32.14.3.rel1.win32_1.0.100.202602081740/tools/bin/../lib/gcc/arm-none-eabi/14.3.1/../../../../arm-none-eabi/lib/thumb/v7e-m+fp/hard\libc_nano.a(libc_a-errno.o)
 .debug_frame   0x00003774       0x2c E:/ASUS/STM32CubeIDE_1.13.2/STM32CubeIDE/plugins/com.st.stm32cube.ide.mcu.externaltools.gnu-tools-for-stm32.14.3.rel1.win32_1.0.100.202602081740/tools/bin/../lib/gcc/arm-none-eabi/14.3.1/../../../../arm-none-eabi/lib/thumb/v7e-m+fp/hard\libc_nano.a(libc_a-init.o)
 .debug_frame   0x000037a0       0xb0 E:/ASUS/STM32CubeIDE_1.13.2/STM32CubeIDE/plugins/com.st.stm32cube.ide.mcu.externaltools.gnu-tools-for-stm32.14.3.rel1.win32_1.0.100.202602081740/tools/bin/../lib/gcc/arm-none-eabi/14.3.1/../../../../arm-none-eabi/lib/thumb/v7e-m+fp/hard\libc_nano.a(libc_a-lock.o)
 .debug_frame   0x00003850       0x28 E:/ASUS/STM32CubeIDE_1.13.2/STM32CubeIDE/plugins/com.st.stm32cube.ide.mcu.externaltools.gnu-tools-for-stm32.14.3.rel1.win32_1.0.100.202602081740/tools/bin/../lib/gcc/arm-none-eabi/14.3.1/../../../../arm-none-eabi/lib/thumb/v7e-m+fp/hard\libc_nano.a(libc_a-memcpy-stub.o)
 .debug_frame   0x00003878       0x38 E:/ASUS/STM32CubeIDE_1.13.2/STM32CubeIDE/plugins/com.st.stm32cube.ide.mcu.externaltools.gnu-tools-for-stm32.14.3.rel1.win32_1.0.100.202602081740/tools/bin/../lib/gcc/arm-none-eabi/14.3.1/../../../../arm-none-eabi/lib/thumb/v7e-m+fp/hard\libc_nano.a(libc_a-freer.o)
 .debug_frame   0x000038b0       0x50 E:/ASUS/STM32CubeIDE_1.13.2/STM32CubeIDE/plugins/com.st.stm32cube.ide.mcu.externaltools.gnu-tools-for-stm32.14.3.rel1.win32_1.0.100.202602081740/tools/bin/../lib/gcc/arm-none-eabi/14.3.1/../../../../arm-none-eabi/lib/thumb/v7e-m+fp/hard\libc_nano.a(libc_a-mallocr.o)
 .debug_frame   0x00003900       0x30 E:/ASUS/STM32CubeIDE_1.13.2/STM32CubeIDE/plugins/com.st.stm32cube.ide.mcu.externaltools.gnu-tools-for-stm32.14.3.rel1.win32_1.0.100.202602081740/tools/bin/../lib/gcc/arm-none-eabi/14.3.1/../../../../arm-none-eabi/lib/thumb/v7e-m+fp/hard\libc_nano.a(libc_a-mlock.o)
 .debug_frame   0x00003930       0x90 E:/ASUS/STM32CubeIDE_1.13.2/STM32CubeIDE/plugins/com.st.stm32cube.ide.mcu.externaltools.gnu-tools-for-stm32.14.3.rel1.win32_1.0.100.202602081740/tools/bin/../lib/gcc/arm-none-eabi/14.3.1/../../../../arm-none-eabi/lib/thumb/v7e-m+fp/hard\libc_nano.a(libc_a-nano-svfprintf.o)
 .debug_frame   0x000039c0       0x60 E:/ASUS/STM32CubeIDE_1.13.2/STM32CubeIDE/plugins/com.st.stm32cube.ide.mcu.externaltools.gnu-tools-for-stm32.14.3.rel1.win32_1.0.100.202602081740/tools/bin/../lib/gcc/arm-none-eabi/14.3.1/../../../../arm-none-eabi/lib/thumb/v7e-m+fp/hard\libc_nano.a(libc_a-nano-vfprintf_i.o)
 .debug_frame   0x00003a20       0x28 E:/ASUS/STM32CubeIDE_1.13.2/STM32CubeIDE/plugins/com.st.stm32cube.ide.mcu.externaltools.gnu-tools-for-stm32.14.3.rel1.win32_1.0.100.202602081740/tools/bin/../lib/gcc/arm-none-eabi/14.3.1/../../../../arm-none-eabi/lib/thumb/v7e-m+fp/hard\libc_nano.a(libc_a-memmove.o)
 .debug_frame   0x00003a48       0x2c E:/ASUS/STM32CubeIDE_1.13.2/STM32CubeIDE/plugins/com.st.stm32cube.ide.mcu.externaltools.gnu-tools-for-stm32.14.3.rel1.win32_1.0.100.202602081740/tools/bin/../lib/gcc/arm-none-eabi/14.3.1/../../../../arm-none-eabi/lib/thumb/v7e-m+fp/hard\libc_nano.a(libc_a-sbrkr.o)
 .debug_frame   0x00003a74       0x4c E:/ASUS/STM32CubeIDE_1.13.2/STM32CubeIDE/plugins/com.st.stm32cube.ide.mcu.externaltools.gnu-tools-for-stm32.14.3.rel1.win32_1.0.100.202602081740/tools/bin/../lib/gcc/arm-none-eabi/14.3.1/../../../../arm-none-eabi/lib/thumb/v7e-m+fp/hard\libc_nano.a(libc_a-memchr.o)
 .debug_frame   0x00003ac0       0x3c E:/ASUS/STM32CubeIDE_1.13.2/STM32CubeIDE/plugins/com.st.stm32cube.ide.mcu.externaltools.gnu-tools-for-stm32.14.3.rel1.win32_1.0.100.202602081740/tools/bin/../lib/gcc/arm-none-eabi/14.3.1/../../../../arm-none-eabi/lib/thumb/v7e-m+fp/hard\libc_nano.a(libc_a-reallocr.o)
 .debug_frame   0x00003afc       0x20 E:/ASUS/STM32CubeIDE_1.13.2/STM32CubeIDE/plugins/com.st.stm32cube.ide.mcu.externaltools.gnu-tools-for-stm32.14.3.rel1.win32_1.0.100.202602081740/tools/bin/../lib/gcc/arm-none-eabi/14.3.1/../../../../arm-none-eabi/lib/thumb/v7e-m+fp/hard\libc_nano.a(libc_a-msizer.o)
 .debug_frame   0x00003b1c       0x2c E:/ASUS/STM32CubeIDE_1.13.2/STM32CubeIDE/plugins/com.st.stm32cube.ide.mcu.externaltools.gnu-tools-for-stm32.14.3.rel1.win32_1.0.100.202602081740/tools/bin/../lib/gcc/arm-none-eabi/14.3.1/thumb/v7e-m+fp/hard\libgcc.a(_aeabi_uldivmod.o)
 .debug_frame   0x00003b48       0x34 E:/ASUS/STM32CubeIDE_1.13.2/STM32CubeIDE/plugins/com.st.stm32cube.ide.mcu.externaltools.gnu-tools-for-stm32.14.3.rel1.win32_1.0.100.202602081740/tools/bin/../lib/gcc/arm-none-eabi/14.3.1/thumb/v7e-m+fp/hard\libgcc.a(_udivmoddi4.o)

.debug_line_str
                0x00000000       0x47
 .debug_line_str
                0x00000000       0x47 ./Core/Startup/startup_stm32f411ceux.o