../Source/Peripherals/DFPLAYER.c:20:13:DFPLAYER_SendUART	16	static
../Source/Peripherals/DFPLAYER.c:25:13:DFPLAYER_Delay	16	static
../Source/Peripherals/DFPLAYER.c:30:17:DFPLAYER_GetChecksum	24	static
../Source/Peripherals/DFPLAYER.c:40:13:DFPLAYER_FillBigend	16	static
../Source/Peripherals/DFPLAYER.c:46:13:DFPLAYER_FillChecksum	24	static
../Source/Peripherals/DFPLAYER.c:52:13:DFPLAYER_SendCmdEx	16	static
../Source/Peripherals/DFPLAYER.c:67:13:DFPLAYER_SendCmd	32	static
../Source/Peripherals/DFPLAYER.c:74:13:DFPLAYER_FlushRx	24	static
../Source/Peripherals/DFPLAYER.c:84:16:DFPLAYER_ReadFrame	32	static
../Source/Peripherals/DFPLAYER.c:115:16:DFPLAYER_WaitResponseCmd	48	static
../Source/Peripherals/DFPLAYER.c:150:6:DFPLAYER_Init	24	static
../Source/Peripherals/DFPLAYER.c:159:6:DFPLAYER_PlayTrack	24	static
../Source/Peripherals/DFPLAYER.c:166:6:DFPLAYER_Next	16	static
../Source/Peripherals/DFPLAYER.c:171:6:DFPLAYER_Prev	16	static
../Source/Peripherals/DFPLAYER.c:176:6:DFPLAYER_SetVolume	24	static
../Source/Peripherals/DFPLAYER.c:183:6:DFPLAYER_Play	16	static
../Source/Peripherals/DFPLAYER.c:188:6:DFPLAYER_Pause	16	static
../Source/Peripherals/DFPLAYER.c:193:6:DFPLAYER_Stop	16	static
../Source/Peripherals/DFPLAYER.c:198:6:DFPLAYER_RandomPlay	16	static
../Source/Peripherals/DFPLAYER.c:203:6:DFPLAYER_PlayFileInFolder	24	static
../Source/Peripherals/DFPLAYER.c:208:6:DFPLAYER_SelectTF	24	static
../Source/Peripherals/DFPLAYER.c:213:9:DFPLAYER_QueryCurrentTfTrack	32	static
