../Source/Peripherals/ssd1306.c:8:6:ssd1306_Reset	4	static
../Source/Peripherals/ssd1306.c:13:6:ssd1306_WriteCommand	32	static
../Source/Peripherals/ssd1306.c:18:6:ssd1306_WriteData	32	static
../Source/Peripherals/ssd1306.c:63:17:ssd1306_FillBuffer	24	static
../Source/Peripherals/ssd1306.c:73:6:ssd1306_Init	8	static
../Source/Peripherals/ssd1306.c:175:6:ssd1306_Fill	16	static
../Source/Peripherals/ssd1306.c:180:6:ssd1306_UpdateScreen	16	static
../Source/Peripherals/ssd1306.c:196:6:ssd1306_UpdateArea	32	static
../Source/Peripherals/ssd1306.c:228:6:ssd1306_DrawPixel	16	static
../Source/Peripherals/ssd1306.c:248:6:ssd1306_WriteChar	48	static
../Source/Peripherals/ssd1306.c:285:6:ssd1306_WriteString	32	static
../Source/Peripherals/ssd1306.c:299:6:ssd1306_SetCursor	16	static
../Source/Peripherals/ssd1306.c:305:6:ssd1306_Line	48	static
../Source/Peripherals/ssd1306.c:332:6:ssd1306_Polyline	40	static
../Source/Peripherals/ssd1306.c:346:14:ssd1306_DegToRad	16	static
../Source/Peripherals/ssd1306.c:351:17:ssd1306_NormalizeTo0_360	24	static
../Source/Peripherals/ssd1306.c:367:6:ssd1306_DrawArc	64	static
../Source/Peripherals/ssd1306.c:407:6:ssd1306_DrawArcWithRadiusLine	72	static
../Source/Peripherals/ssd1306.c:450:6:ssd1306_DrawCircle	40	static
../Source/Peripherals/ssd1306.c:485:6:ssd1306_FillCircle	48	static
../Source/Peripherals/ssd1306.c:521:6:ssd1306_DrawRectangle	32	static
../Source/Peripherals/ssd1306.c:531:6:ssd1306_FillRectangle	32	static
../Source/Peripherals/ssd1306.c:545:17:ssd1306_InvertRectangle	32	static
../Source/Peripherals/ssd1306.c:576:6:ssd1306_DrawBitmap	24	static
../Source/Peripherals/ssd1306.c:600:6:ssd1306_SetContrast	24	static
../Source/Peripherals/ssd1306.c:606:6:ssd1306_SetDisplayOn	24	static
../Source/Peripherals/ssd1306.c:618:9:ssd1306_GetDisplayOn	4	static
